Component: ARM Compiler 5.06 update 5 (build 528) Tool: armlink [4d35e2]

==============================================================================

Section Cross References

    main.o(i.main) refers to rgbled.o(i._Z11RGBLED_Inith8RGBColor) for RGBLED_Init(unsigned char, RGBColor)
    main.o(.ARM.exidx) refers to main.o(i.main) for i.main
    stm32f10x_it.o(.ARM.exidx) refers to stm32f10x_it.o(i.NMI_Handler) for i.NMI_Handler
    stm32f10x_it.o(.ARM.exidx) refers to stm32f10x_it.o(i.HardFault_Handler) for i.HardFault_Handler
    stm32f10x_it.o(.ARM.exidx) refers to stm32f10x_it.o(i.MemManage_Handler) for i.MemManage_Handler
    stm32f10x_it.o(.ARM.exidx) refers to stm32f10x_it.o(i.BusFault_Handler) for i.BusFault_Handler
    stm32f10x_it.o(.ARM.exidx) refers to stm32f10x_it.o(i.UsageFault_Handler) for i.UsageFault_Handler
    stm32f10x_it.o(.ARM.exidx) refers to stm32f10x_it.o(i.SVC_Handler) for i.SVC_Handler
    stm32f10x_it.o(.ARM.exidx) refers to stm32f10x_it.o(i.DebugMon_Handler) for i.DebugMon_Handler
    stm32f10x_it.o(.ARM.exidx) refers to stm32f10x_it.o(i.PendSV_Handler) for i.PendSV_Handler
    stm32f10x_it.o(.ARM.exidx) refers to stm32f10x_it.o(i.SysTick_Handler) for i.SysTick_Handler
    startup_stm32f10x_md.o(STACK) refers (Special) to heapauxi.o(.text) for __use_two_region_memory
    startup_stm32f10x_md.o(HEAP) refers (Special) to heapauxi.o(.text) for __use_two_region_memory
    startup_stm32f10x_md.o(RESET) refers (Special) to heapauxi.o(.text) for __use_two_region_memory
    startup_stm32f10x_md.o(RESET) refers to startup_stm32f10x_md.o(STACK) for __initial_sp
    startup_stm32f10x_md.o(RESET) refers to startup_stm32f10x_md.o(.text) for Reset_Handler
    startup_stm32f10x_md.o(RESET) refers to stm32f10x_it.o(i.NMI_Handler) for NMI_Handler
    startup_stm32f10x_md.o(RESET) refers to stm32f10x_it.o(i.HardFault_Handler) for HardFault_Handler
    startup_stm32f10x_md.o(RESET) refers to stm32f10x_it.o(i.MemManage_Handler) for MemManage_Handler
    startup_stm32f10x_md.o(RESET) refers to stm32f10x_it.o(i.BusFault_Handler) for BusFault_Handler
    startup_stm32f10x_md.o(RESET) refers to stm32f10x_it.o(i.UsageFault_Handler) for UsageFault_Handler
    startup_stm32f10x_md.o(RESET) refers to stm32f10x_it.o(i.SVC_Handler) for SVC_Handler
    startup_stm32f10x_md.o(RESET) refers to stm32f10x_it.o(i.DebugMon_Handler) for DebugMon_Handler
    startup_stm32f10x_md.o(RESET) refers to stm32f10x_it.o(i.PendSV_Handler) for PendSV_Handler
    startup_stm32f10x_md.o(RESET) refers to stm32f10x_it.o(i.SysTick_Handler) for SysTick_Handler
    startup_stm32f10x_md.o(RESET) refers to rgbled.o(i.TIM4_IRQHandler) for TIM4_IRQHandler
    startup_stm32f10x_md.o(.text) refers (Special) to heapauxi.o(.text) for __use_two_region_memory
    startup_stm32f10x_md.o(.text) refers to system_stm32f10x.o(i.SystemInit) for SystemInit
    startup_stm32f10x_md.o(.text) refers to __main.o(!!!main) for __main
    startup_stm32f10x_md.o(.text) refers to startup_stm32f10x_md.o(HEAP) for Heap_Mem
    startup_stm32f10x_md.o(.text) refers to startup_stm32f10x_md.o(STACK) for Stack_Mem
    system_stm32f10x.o(i.SystemCoreClockUpdate) refers to system_stm32f10x.o(.data) for SystemCoreClock
    system_stm32f10x.o(i.SystemInit) refers to system_stm32f10x.o(i._ZN40_INTERNAL_18_system_stm32f10x_c_5d646a6711SetSysClockEv) for [local to system_stm32f10x_c]::SetSysClock()
    system_stm32f10x.o(i._ZN40_INTERNAL_18_system_stm32f10x_c_5d646a6711SetSysClockEv) refers to system_stm32f10x.o(i._ZN40_INTERNAL_18_system_stm32f10x_c_5d646a6715SetSysClockTo72Ev) for [local to system_stm32f10x_c]::SetSysClockTo72()
    system_stm32f10x.o(.ARM.exidx) refers to system_stm32f10x.o(i._ZN40_INTERNAL_18_system_stm32f10x_c_5d646a6715SetSysClockTo72Ev) for i._ZN40_INTERNAL_18_system_stm32f10x_c_5d646a6715SetSysClockTo72Ev
    system_stm32f10x.o(.ARM.exidx) refers to system_stm32f10x.o(i._ZN40_INTERNAL_18_system_stm32f10x_c_5d646a6711SetSysClockEv) for i._ZN40_INTERNAL_18_system_stm32f10x_c_5d646a6711SetSysClockEv
    system_stm32f10x.o(.ARM.exidx) refers to system_stm32f10x.o(i.SystemInit) for i.SystemInit
    system_stm32f10x.o(.ARM.exidx) refers to system_stm32f10x.o(i.SystemCoreClockUpdate) for i.SystemCoreClockUpdate
    misc.o(.ARM.exidx) refers to misc.o(i.NVIC_PriorityGroupConfig) for i.NVIC_PriorityGroupConfig
    misc.o(.ARM.exidx) refers to misc.o(i.NVIC_Init) for i.NVIC_Init
    misc.o(.ARM.exidx) refers to misc.o(i.NVIC_SetVectorTable) for i.NVIC_SetVectorTable
    misc.o(.ARM.exidx) refers to misc.o(i.NVIC_SystemLPConfig) for i.NVIC_SystemLPConfig
    misc.o(.ARM.exidx) refers to misc.o(i.SysTick_CLKSourceConfig) for i.SysTick_CLKSourceConfig
    stm32f10x_adc.o(i.ADC_DeInit) refers to stm32f10x_rcc.o(i.RCC_APB2PeriphResetCmd) for RCC_APB2PeriphResetCmd
    stm32f10x_adc.o(.ARM.exidx) refers to stm32f10x_adc.o(i.ADC_DeInit) for i.ADC_DeInit
    stm32f10x_adc.o(.ARM.exidx) refers to stm32f10x_adc.o(i.ADC_Init) for i.ADC_Init
[...]
    Removing stm32f10x_tim.o(.ARM.exidx), (8 bytes).
    Removing stm32f10x_tim.o(.ARM.exidx), (8 bytes).
    Removing stm32f10x_tim.o(.ARM.exidx), (8 bytes).
    Removing stm32f10x_tim.o(.ARM.exidx), (8 bytes).
    Removing stm32f10x_tim.o(.ARM.exidx), (8 bytes).
    Removing stm32f10x_tim.o(.ARM.exidx), (8 bytes).
    Removing stm32f10x_tim.o(.ARM.exidx), (8 bytes).
    Removing stm32f10x_tim.o(.ARM.exidx), (8 bytes).
    Removing stm32f10x_tim.o(.ARM.exidx), (8 bytes).
    Removing stm32f10x_tim.o(.ARM.exidx), (8 bytes).
    Removing stm32f10x_tim.o(.ARM.exidx), (8 bytes).
    Removing stm32f10x_usart.o(i.USART_ClearFlag), (18 bytes).
    Removing stm32f10x_usart.o(i.USART_ClearITPendingBit), (30 bytes).
    Removing stm32f10x_usart.o(i.USART_ClockInit), (34 bytes).
    Removing stm32f10x_usart.o(i.USART_ClockStructInit), (12 bytes).
    Removing stm32f10x_usart.o(i.USART_Cmd), (24 bytes).
    Removing stm32f10x_usart.o(i.USART_DMACmd), (18 bytes).
    Removing stm32f10x_usart.o(i.USART_DeInit), (156 bytes).
    Removing stm32f10x_usart.o(i.USART_GetFlagStatus), (26 bytes).
    Removing stm32f10x_usart.o(i.USART_GetITStatus), (84 bytes).
    Removing stm32f10x_usart.o(i.USART_HalfDuplexCmd), (24 bytes).
    Removing stm32f10x_usart.o(i.USART_ITConfig), (74 bytes).
    Removing stm32f10x_usart.o(i.USART_Init), (216 bytes).
    Removing stm32f10x_usart.o(i.USART_IrDACmd), (24 bytes).
    Removing stm32f10x_usart.o(i.USART_IrDAConfig), (18 bytes).
    Removing stm32f10x_usart.o(i.USART_LINBreakDetectLengthConfig), (18 bytes).
    Removing stm32f10x_usart.o(i.USART_LINCmd), (24 bytes).
    Removing stm32f10x_usart.o(i.USART_OneBitMethodCmd), (24 bytes).
    Removing stm32f10x_usart.o(i.USART_OverSampling8Cmd), (22 bytes).
    Removing stm32f10x_usart.o(i.USART_ReceiveData), (10 bytes).
    Removing stm32f10x_usart.o(i.USART_ReceiverWakeUpCmd), (24 bytes).
    Removing stm32f10x_usart.o(i.USART_SendBreak), (10 bytes).
    Removing stm32f10x_usart.o(i.USART_SendData), (8 bytes).
    Removing stm32f10x_usart.o(i.USART_SetAddress), (18 bytes).
    Removing stm32f10x_usart.o(i.USART_SetGuardTime), (16 bytes).
    Removing stm32f10x_usart.o(i.USART_SetPrescaler), (16 bytes).
    Removing stm32f10x_usart.o(i.USART_SmartCardCmd), (24 bytes).
    Removing stm32f10x_usart.o(i.USART_SmartCardNACKCmd), (24 bytes).
    Removing stm32f10x_usart.o(i.USART_StructInit), (24 bytes).
    Removing stm32f10x_usart.o(i.USART_WakeUpConfig), (18 bytes).
    Removing stm32f10x_usart.o(.ARM.exidx), (8 bytes).
    Removing stm32f10x_usart.o(.ARM.exidx), (8 bytes).
    Removing stm32f10x_usart.o(.ARM.exidx), (8 bytes).
    Removing stm32f10x_usart.o(.ARM.exidx), (8 bytes).
    Removing stm32f10x_usart.o(.ARM.exidx), (8 bytes).
    Removing stm32f10x_usart.o(.ARM.exidx), (8 bytes).
    Removing stm32f10x_usart.o(.ARM.exidx), (8 bytes).
    Removing stm32f10x_usart.o(.ARM.exidx), (8 bytes).
    Removing stm32f10x_usart.o(.ARM.exidx), (8 bytes).
    Removing stm32f10x_usart.o(.ARM.exidx), (8 bytes).
    Removing stm32f10x_usart.o(.ARM.exidx), (8 bytes).
    Removing stm32f10x_usart.o(.ARM.exidx), (8 bytes).
    Removing stm32f10x_usart.o(.ARM.exidx), (8 bytes).
    Removing stm32f10x_usart.o(.ARM.exidx), (8 bytes).
    Removing stm32f10x_usart.o(.ARM.exidx), (8 bytes).
    Removing stm32f10x_usart.o(.ARM.exidx), (8 bytes).
    Removing stm32f10x_usart.o(.ARM.exidx), (8 bytes).
    Removing stm32f10x_usart.o(.ARM.exidx), (8 bytes).
    Removing stm32f10x_usart.o(.ARM.exidx), (8 bytes).
    Removing stm32f10x_usart.o(.ARM.exidx), (8 bytes).
    Removing stm32f10x_usart.o(.ARM.exidx), (8 bytes).
    Removing stm32f10x_usart.o(.ARM.exidx), (8 bytes).
    Removing stm32f10x_usart.o(.ARM.exidx), (8 bytes).
    Removing stm32f10x_usart.o(.ARM.exidx), (8 bytes).
    Removing stm32f10x_usart.o(.ARM.exidx), (8 bytes).
    Removing stm32f10x_usart.o(.ARM.exidx), (8 bytes).
    Removing stm32f10x_usart.o(.ARM.exidx), (8 bytes).
    Removing stm32f10x_usart.o(.ARM.exidx), (8 bytes).
    Removing stm32f10x_usart.o(.ARM.exidx), (8 bytes).
    Removing stm32f10x_wwdg.o(i.WWDG_ClearFlag), (12 bytes).
    Removing stm32f10x_wwdg.o(i.WWDG_DeInit), (22 bytes).
    Removing stm32f10x_wwdg.o(i.WWDG_Enable), (16 bytes).
    Removing stm32f10x_wwdg.o(i.WWDG_EnableIT), (12 bytes).
    Removing stm32f10x_wwdg.o(i.WWDG_GetFlagStatus), (12 bytes).
    Removing stm32f10x_wwdg.o(i.WWDG_SetCounter), (16 bytes).
    Removing stm32f10x_wwdg.o(i.WWDG_SetPrescaler), (24 bytes).
    Removing stm32f10x_wwdg.o(i.WWDG_SetWindowValue), (40 bytes).
    Removing stm32f10x_wwdg.o(.ARM.exidx), (8 bytes).
    Removing stm32f10x_wwdg.o(.ARM.exidx), (8 bytes).
    Removing stm32f10x_wwdg.o(.ARM.exidx), (8 bytes).
    Removing stm32f10x_wwdg.o(.ARM.exidx), (8 bytes).
    Removing stm32f10x_wwdg.o(.ARM.exidx), (8 bytes).
    Removing stm32f10x_wwdg.o(.ARM.exidx), (8 bytes).
    Removing stm32f10x_wwdg.o(.ARM.exidx), (8 bytes).
    Removing stm32f10x_wwdg.o(.ARM.exidx), (8 bytes).
    Removing delay.o(i._Z7Delay_sj), (24 bytes).
    Removing delay.o(i._Z8Delay_msj), (24 bytes).
    Removing delay.o(i._Z8Delay_usj), (46 bytes).
    Removing delay.o(.ARM.exidx), (8 bytes).
    Removing delay.o(.ARM.exidx), (8 bytes).
    Removing delay.o(.ARM.exidx), (8 bytes).
    Removing float_to_string.o(i._Z13FloatToStringfhhPhh), (392 bytes).
    Removing float_to_string.o(i._Z15PrecisionHandlePfh), (88 bytes).
    Removing float_to_string.o(.ARM.exidx), (8 bytes).
    Removing float_to_string.o(.ARM.exidx), (8 bytes).
    Removing rgbled.o(i._Z11RGBLED_Stopv), (84 bytes).
    Removing rgbled.o(i._Z19RGBLED_SetPrescalerttt), (52 bytes).
    Removing rgbled.o(.ARM.exidx), (8 bytes).
    Removing rgbled.o(.ARM.exidx), (8 bytes).
    Removing rgbled.o(.ARM.exidx), (8 bytes).
    Removing rgbled.o(.ARM.exidx), (8 bytes).
    Removing rgbled.o(.ARM.exidx), (8 bytes).
    Removing rgbled.o(.ARM.exidx), (8 bytes).
    Removing rgbled.o(.ARM.exidx), (8 bytes).
    Removing rgbled.o(.ARM.exidx), (8 bytes).
    Removing float_to_string.o(i._ZSt3powff), (16 bytes).
    Removing float_to_string.o(.ARM.exidx), (8 bytes).
    Removing rgbled.o(.ARM.exidx), (8 bytes).

963 unused section(s) (total 22336 bytes) removed from the image.

==============================================================================

Image Symbol Table

    Local Symbols

    Symbol Name                              Value     Ov Type        Size  Object(Section)

    ../../../clib/unwind_pr.c                0x00000000   Number         0  unwind_pr0.o ABSOLUTE
    ../../../clib/unwind_pr.c                0x00000000   Number         0  unwind_prcommon.o ABSOLUTE
    ../../../clib/unwinder.c                 0x00000000   Number         0  unwind_activity.o ABSOLUTE
    ../../../clib/unwinder.c                 0x00000000   Number         0  unwind_activity.o ABSOLUTE
    ../../../clib/unwinder.c                 0x00000000   Number         0  unwinder.o ABSOLUTE
    ../../../clib/unwinder.c                 0x00000000   Number         0  unwinder.o ABSOLUTE
    ../../../edgfe/lib_src/arm_exceptions.c  0x00000000   Number         0  arm_exceptions_callterm.o ABSOLUTE
    ../../../edgfe/lib_src/arm_exceptions.c  0x00000000   Number         0  arm_exceptions_globs.o ABSOLUTE
    ../../../edgfe/lib_src/arm_exceptions.c  0x00000000   Number         0  arm_exceptions_support.o ABSOLUTE
    ../../../edgfe/lib_src/arm_exceptions.c  0x00000000   Number         0  arm_exceptions_terminate.o ABSOLUTE
    ../../../edgfe/lib_src/arm_exceptions.c  0x00000000   Number         0  arm_exceptions_mem.o ABSOLUTE
    ../../../edgfe/lib_src/arm_noexceptions.c 0x00000000   Number         0  arm_newhandler_noexceptions.o ABSOLUTE
    ../../../edgfe/lib_src/arm_noexceptions.c 0x00000000   Number         0  arm_callunex_noexceptions.o ABSOLUTE
    ../../../edgfe/lib_src/arm_noexceptions.c 0x00000000   Number         0  arm_begincatch_noexceptions.o ABSOLUTE
    ../../../edgfe/lib_src/bad_alloc.c       0x00000000   Number         0  bad_alloc_what.o ABSOLUTE
    ../../../edgfe/lib_src/bad_alloc.c       0x00000000   Number         0  bad_alloc_dtor.o ABSOLUTE
    ../../../edgfe/lib_src/delete.c          0x00000000   Number         0  delete.o ABSOLUTE
    ../../../edgfe/lib_src/exception.c       0x00000000   Number         0  exception_what.o ABSOLUTE
    ../../../edgfe/lib_src/exception.c       0x00000000   Number         0  exception_dtor.o ABSOLUTE
    ../../../edgfe/lib_src/new.c             0x00000000   Number         0  new.o ABSOLUTE
    ../../../edgfe/lib_src/typeinfo.c        0x00000000   Number         0  type_info_dtor.o ABSOLUTE
    ../../../edgfe/lib_src/typeinfo.c        0x00000000   Number         0  lib_rtti_impl.o ABSOLUTE
    ../clib/angel/boardlib.s                 0x00000000   Number         0  boardinit3.o ABSOLUTE
    ../clib/angel/boardlib.s                 0x00000000   Number         0  boardinit1.o ABSOLUTE
    ../clib/angel/boardlib.s                 0x00000000   Number         0  boardinit2.o ABSOLUTE
    ../clib/angel/boardlib.s                 0x00000000   Number         0  boardshut.o ABSOLUTE
    ../clib/angel/dclz77c.s                  0x00000000   Number         0  __dclz77c.o ABSOLUTE
    ../clib/angel/handlers.s                 0x00000000   Number         0  __scatter_zi.o ABSOLUTE
    ../clib/angel/kernel.s                   0x00000000   Number         0  __rtentry2.o ABSOLUTE
    ../clib/angel/kernel.s                   0x00000000   Number         0  __rtentry.o ABSOLUTE
    ../clib/angel/kernel.s                   0x00000000   Number         0  __rtentry4.o ABSOLUTE
    ../clib/angel/kernel.s                   0x00000000   Number         0  rtexit.o ABSOLUTE
    ../clib/angel/kernel.s                   0x00000000   Number         0  rtexit2.o ABSOLUTE
    ../clib/angel/rt.s                       0x00000000   Number         0  rt_errno_addr.o ABSOLUTE
    ../clib/angel/rt.s                       0x00000000   Number         0  rt_errno_addr_intlibspace.o ABSOLUTE
    ../clib/angel/rt.s                       0x00000000   Number         0  rt_new_handler_addr.o ABSOLUTE
    ../clib/angel/rt.s                       0x00000000   Number         0  rt_new_handler_addr_intlibspace.o ABSOLUTE
    ../clib/angel/rt.s                       0x00000000   Number         0  rt_heap_descriptor_intlibspace.o ABSOLUTE
    ../clib/angel/rt.s                       0x00000000   Number         0  rt_heap_descriptor.o ABSOLUTE
    ../clib/angel/rt.s                       0x00000000   Number         0  rt_eh_globals_addr_intlibspace.o ABSOLUTE
    ../clib/angel/rt.s                       0x00000000   Number         0  rt_eh_globals_addr.o ABSOLUTE
    ../clib/angel/rt.s                       0x00000000   Number         0  rt_raise.o ABSOLUTE
    ../clib/angel/scatter.s                  0x00000000   Number         0  __scatter.o ABSOLUTE
    ../clib/angel/startup.s                  0x00000000   Number         0  __main.o ABSOLUTE
    ../clib/angel/sys.s                      0x00000000   Number         0  indicate_semi.o ABSOLUTE
    ../clib/angel/sys.s                      0x00000000   Number         0  use_no_semi.o ABSOLUTE
    ../clib/angel/sys.s                      0x00000000   Number         0  mutex_dummy.o ABSOLUTE
    ../clib/angel/sys.s                      0x00000000   Number         0  libspace.o ABSOLUTE
    ../clib/angel/sys.s                      0x00000000   Number         0  sys_stackheap_outer.o ABSOLUTE
    ../clib/angel/sysapp.c                   0x00000000   Number         0  sys_exit.o ABSOLUTE
    ../clib/angel/sysapp.c                   0x00000000   Number         0  sys_command.o ABSOLUTE
    ../clib/angel/sysapp.c                   0x00000000   Number         0  sys_wrch.o ABSOLUTE
    ../clib/arm_runtime.c                    0x00000000   Number         0  init_aeabi.o ABSOLUTE
    ../clib/arm_runtime.c                    0x00000000   Number         0  init_aeabi.o ABSOLUTE
    ../clib/armsys.c                         0x00000000   Number         0  argv_veneer.o ABSOLUTE
    ../clib/armsys.c                         0x00000000   Number         0  _get_argv.o ABSOLUTE
    ../clib/armsys.c                         0x00000000   Number         0  no_argv.o ABSOLUTE
    ../clib/armsys.c                         0x00000000   Number         0  argv_veneer.o ABSOLUTE
    ../clib/armsys.c                         0x00000000   Number         0  _get_argv_nomalloc.o ABSOLUTE
    ../clib/fenv.c                           0x00000000   Number         0  _rserrno.o ABSOLUTE
    ../clib/heap1.c                          0x00000000   Number         0  h1_alloc.o ABSOLUTE
    ../clib/heap1.c                          0x00000000   Number         0  h1_alloc_mt.o ABSOLUTE
    ../clib/heap1.c                          0x00000000   Number         0  h1_free_mt.o ABSOLUTE
    ../clib/heap1.c                          0x00000000   Number         0  h1_init_mt.o ABSOLUTE
    ../clib/heap1.c                          0x00000000   Number         0  h1_free.o ABSOLUTE
    ../clib/heap1.c                          0x00000000   Number         0  h1_init.o ABSOLUTE
    ../clib/heap1.c                          0x00000000   Number         0  h1_final.o ABSOLUTE
    ../clib/heap1.c                          0x00000000   Number         0  h1_extend.o ABSOLUTE
    ../clib/heap1.c                          0x00000000   Number         0  h1_extend_mt.o ABSOLUTE
    ../clib/heap1.c                          0x00000000   Number         0  h1_final_mt.o ABSOLUTE
    ../clib/heap2.c                          0x00000000   Number         0  heap2.o ABSOLUTE
    ../clib/heap2.c                          0x00000000   Number         0  heap2mt.o ABSOLUTE
    ../clib/heap2.c                          0x00000000   Number         0  fdtree.o ABSOLUTE
    ../clib/heapalloc.c                      0x00000000   Number         0  malloc.o ABSOLUTE
    ../clib/heapalloc.c                      0x00000000   Number         0  maybetermalloc1.o ABSOLUTE
    ../clib/heapalloc.c                      0x00000000   Number         0  hrguard.o ABSOLUTE
    ../clib/heapalloc.c                      0x00000000   Number         0  heapstubs.o ABSOLUTE
    ../clib/heapalloc.c                      0x00000000   Number         0  free.o ABSOLUTE
    ../clib/heapalloc.c                      0x00000000   Number         0  hguard.o ABSOLUTE
    ../clib/heapalloc.c                      0x00000000   Number         0  term_alloc.o ABSOLUTE
    ../clib/heapalloc.c                      0x00000000   Number         0  maybetermalloc2.o ABSOLUTE
    ../clib/heapalloc.c                      0x00000000   Number         0  init_alloc.o ABSOLUTE
    ../clib/heapalloc.c                      0x00000000   Number         0  maybetermalloc2.o ABSOLUTE
    ../clib/heapalloc.c                      0x00000000   Number         0  maybetermalloc1.o ABSOLUTE
    ../clib/heapaux.c                        0x00000000   Number         0  heapauxi.o ABSOLUTE
    ../clib/heapaux.c                        0x00000000   Number         0  heapauxa.o ABSOLUTE
    ../clib/libinit.s                        0x00000000   Number         0  libshutdown.o ABSOLUTE
    ../clib/libinit.s                        0x00000000   Number         0  libinit2.o ABSOLUTE
    ../clib/libinit.s                        0x00000000   Number         0  libshutdown2.o ABSOLUTE
    ../clib/libinit.s                        0x00000000   Number         0  libinit.o ABSOLUTE
    ../clib/memcpset.s                       0x00000000   Number         0  rt_memclr_w.o ABSOLUTE
    ../clib/memcpset.s                       0x00000000   Number         0  rt_memcpy_w.o ABSOLUTE
    ../clib/memcpset.s                       0x00000000   Number         0  rt_memclr.o ABSOLUTE
    ../clib/signal.c                         0x00000000   Number         0  defsig_rtmem_inner.o ABSOLUTE
    ../clib/signal.c                         0x00000000   Number         0  defsig_segv_inner.o ABSOLUTE
    ../clib/signal.c                         0x00000000   Number         0  defsig_cppl_inner.o ABSOLUTE
    ../clib/signal.c                         0x00000000   Number         0  defsig_fpe_inner.o ABSOLUTE
    ../clib/signal.c                         0x00000000   Number         0  defsig_rtred_inner.o ABSOLUTE
    ../clib/signal.c                         0x00000000   Number         0  defsig_other.o ABSOLUTE
    ../clib/signal.c                         0x00000000   Number         0  defsig_rtmem_formal.o ABSOLUTE
    ../clib/signal.c                         0x00000000   Number         0  defsig_rtmem_outer.o ABSOLUTE
    ../clib/signal.c                         0x00000000   Number         0  defsig_general.o ABSOLUTE
    ../clib/signal.c                         0x00000000   Number         0  defsig_exit.o ABSOLUTE
    ../clib/signal.c                         0x00000000   Number         0  defsig_abrt_outer.o ABSOLUTE
    ../clib/signal.c                         0x00000000   Number         0  defsig_abrt_formal.o ABSOLUTE
    ../clib/signal.c                         0x00000000   Number         0  defsig_stak_inner.o ABSOLUTE
    ../clib/signal.c                         0x00000000   Number         0  defsig_abrt_inner.o ABSOLUTE
    ../clib/signal.c                         0x00000000   Number         0  defsig_pvfn_inner.o ABSOLUTE
    ../clib/signal.c                         0x00000000   Number         0  __raise.o ABSOLUTE
    ../clib/signal.s                         0x00000000   Number         0  defsig.o ABSOLUTE
    ../clib/stdlib.c                         0x00000000   Number         0  bsearchnoex.o ABSOLUTE
    ../clib/stdlib.c                         0x00000000   Number         0  rand.o ABSOLUTE
    ../clib/stdlib.c                         0x00000000   Number         0  exit.o ABSOLUTE
    ../clib/stdlib.c                         0x00000000   Number         0  abort.o ABSOLUTE
    ../clib/stdlib.c                         0x00000000   Number         0  rand.o ABSOLUTE
    ../fplib/d2f.s                           0x00000000   Number         0  d2f.o ABSOLUTE
    ../fplib/ddiv.s                          0x00000000   Number         0  ddiv.o ABSOLUTE
    ../fplib/dnaninf.s                       0x00000000   Number         0  dnaninf.o ABSOLUTE
    ../fplib/dretinf.s                       0x00000000   Number         0  dretinf.o ABSOLUTE
    ../fplib/f2d.s                           0x00000000   Number         0  f2d.o ABSOLUTE
    ../fplib/faddsub.s                       0x00000000   Number         0  faddsub_clz.o ABSOLUTE
    ../fplib/fcheck1.s                       0x00000000   Number         0  fcheck1.o ABSOLUTE
    ../fplib/fcmpi.s                         0x00000000   Number         0  fcmpi.o ABSOLUTE
    ../fplib/fdiv.s                          0x00000000   Number         0  fdiv.o ABSOLUTE
    ../fplib/ffix.s                          0x00000000   Number         0  ffix.o ABSOLUTE
    ../fplib/fflt.s                          0x00000000   Number         0  fflt_clz.o ABSOLUTE
    ../fplib/fleqf.s                         0x00000000   Number         0  fleqf.o ABSOLUTE
    ../fplib/fmul.s                          0x00000000   Number         0  fmul.o ABSOLUTE
    ../fplib/fnaninf.s                       0x00000000   Number         0  fnaninf.o ABSOLUTE
    ../fplib/fpinit.s                        0x00000000   Number         0  fpinit.o ABSOLUTE
    ../fplib/fretinf.s                       0x00000000   Number         0  fretinf.o ABSOLUTE
    ../fplib/istatus.s                       0x00000000   Number         0  istatus.o ABSOLUTE
    ../fplib/retnan.s                        0x00000000   Number         0  retnan.o ABSOLUTE
    ../fplib/scalbnf.s                       0x00000000   Number         0  scalbnf.o ABSOLUTE
    ../fplib/trapv.s                         0x00000000   Number         0  trapv.o ABSOLUTE
    ../fplib/usenofp.s                       0x00000000   Number         0  usenofp.o ABSOLUTE
    ../mathlib/fpclassifyf.c                 0x00000000   Number         0  fpclassifyf.o ABSOLUTE
    ../mathlib/funder.c                      0x00000000   Number         0  funder.o ABSOLUTE
    ../mathlib/powf.c                        0x00000000   Number         0  powf.o ABSOLUTE
    ../mathlib/powf.c                        0x00000000   Number         0  powf_x.o ABSOLUTE
    HardWare\RGBLED\RGBLED.cpp               0x00000000   Number         0  rgbled.o ABSOLUTE
    LIBRARY\misc.c                           0x00000000   Number         0  misc.o ABSOLUTE
    LIBRARY\stm32f10x_adc.c                  0x00000000   Number         0  stm32f10x_adc.o ABSOLUTE
    LIBRARY\stm32f10x_bkp.c                  0x00000000   Number         0  stm32f10x_bkp.o ABSOLUTE
    LIBRARY\stm32f10x_can.c                  0x00000000   Number         0  stm32f10x_can.o ABSOLUTE
    LIBRARY\stm32f10x_cec.c                  0x00000000   Number         0  stm32f10x_cec.o ABSOLUTE
    LIBRARY\stm32f10x_crc.c                  0x00000000   Number         0  stm32f10x_crc.o ABSOLUTE
    LIBRARY\stm32f10x_dac.c                  0x00000000   Number         0  stm32f10x_dac.o ABSOLUTE
    LIBRARY\stm32f10x_dbgmcu.c               0x00000000   Number         0  stm32f10x_dbgmcu.o ABSOLUTE
    LIBRARY\stm32f10x_dma.c                  0x00000000   Number         0  stm32f10x_dma.o ABSOLUTE
    LIBRARY\stm32f10x_exti.c                 0x00000000   Number         0  stm32f10x_exti.o ABSOLUTE
    LIBRARY\stm32f10x_flash.c                0x00000000   Number         0  stm32f10x_flash.o ABSOLUTE
    LIBRARY\stm32f10x_fsmc.c                 0x00000000   Number         0  stm32f10x_fsmc.o ABSOLUTE
    LIBRARY\stm32f10x_gpio.c                 0x00000000   Number         0  stm32f10x_gpio.o ABSOLUTE
    LIBRARY\stm32f10x_i2c.c                  0x00000000   Number         0  stm32f10x_i2c.o ABSOLUTE
    LIBRARY\stm32f10x_iwdg.c                 0x00000000   Number         0  stm32f10x_iwdg.o ABSOLUTE
    LIBRARY\stm32f10x_pwr.c                  0x00000000   Number         0  stm32f10x_pwr.o ABSOLUTE
    LIBRARY\stm32f10x_rcc.c                  0x00000000   Number         0  stm32f10x_rcc.o ABSOLUTE
    LIBRARY\stm32f10x_rtc.c                  0x00000000   Number         0  stm32f10x_rtc.o ABSOLUTE
    LIBRARY\stm32f10x_sdio.c                 0x00000000   Number         0  stm32f10x_sdio.o ABSOLUTE
    LIBRARY\stm32f10x_spi.c                  0x00000000   Number         0  stm32f10x_spi.o ABSOLUTE
    LIBRARY\stm32f10x_tim.c                  0x00000000   Number         0  stm32f10x_tim.o ABSOLUTE
    LIBRARY\stm32f10x_usart.c                0x00000000   Number         0  stm32f10x_usart.o ABSOLUTE
    LIBRARY\stm32f10x_wwdg.c                 0x00000000   Number         0  stm32f10x_wwdg.o ABSOLUTE
    STARTUP\\core_cm3.c                      0x00000000   Number         0  core_cm3.o ABSOLUTE
    STARTUP\core_cm3.c                       0x00000000   Number         0  core_cm3.o ABSOLUTE
    STARTUP\startup_stm32f10x_md.s           0x00000000   Number         0  startup_stm32f10x_md.o ABSOLUTE
    STARTUP\system_stm32f10x.c               0x00000000   Number         0  system_stm32f10x.o ABSOLUTE
    System\Delay.c                           0x00000000   Number         0  delay.o ABSOLUTE
    System\Float_to_string.c                 0x00000000   Number         0  float_to_string.o ABSOLUTE
    User\main.cpp                            0x00000000   Number         0  main.o ABSOLUTE
    User\stm32f10x_it.c                      0x00000000   Number         0  stm32f10x_it.o ABSOLUTE
    dc.s                                     0x00000000   Number         0  dc.o ABSOLUTE
    RESET                                    0x08000000   Section      236  startup_stm32f10x_md.o(RESET)
    !!!main                                  0x080000ec   Section        8  __main.o(!!!main)
    !!!scatter                               0x080000f4   Section       52  __scatter.o(!!!scatter)
    !!dclz77c                                0x08000128   Section      100  __dclz77c.o(!!dclz77c)
    !!handler_zi                             0x0800018c   Section       28  __scatter_zi.o(!!handler_zi)
    .ARM.Collect$$libinit$$00000000          0x080001a8   Section        2  libinit.o(.ARM.Collect$$libinit$$00000000)
    .ARM.Collect$$libinit$$00000002          0x080001aa   Section        0  libinit2.o(.ARM.Collect$$libinit$$00000002)
    .ARM.Collect$$libinit$$00000004          0x080001aa   Section        0  libinit2.o(.ARM.Collect$$libinit$$00000004)
    .ARM.Collect$$libinit$$00000005          0x080001aa   Section        8  libinit2.o(.ARM.Collect$$libinit$$00000005)
    .ARM.Collect$$libinit$$0000000A          0x080001b2   Section        0  libinit2.o(.ARM.Collect$$libinit$$0000000A)
    .ARM.Collect$$libinit$$0000000C          0x080001b2   Section        0  libinit2.o(.ARM.Collect$$libinit$$0000000C)
    .ARM.Collect$$libinit$$0000000D          0x080001b2   Section        4  libinit2.o(.ARM.Collect$$libinit$$0000000D)
    .ARM.Collect$$libinit$$0000000E          0x080001b6   Section        0  libinit2.o(.ARM.Collect$$libinit$$0000000E)
    .ARM.Collect$$libinit$$00000011          0x080001b6   Section        0  libinit2.o(.ARM.Collect$$libinit$$00000011)
    .ARM.Collect$$libinit$$00000013          0x080001b6   Section        0  libinit2.o(.ARM.Collect$$libinit$$00000013)
    .ARM.Collect$$libinit$$00000015          0x080001b6   Section        0  libinit2.o(.ARM.Collect$$libinit$$00000015)
    .ARM.Collect$$libinit$$00000017          0x080001b6   Section        0  libinit2.o(.ARM.Collect$$libinit$$00000017)
    .ARM.Collect$$libinit$$00000019          0x080001b6   Section        0  libinit2.o(.ARM.Collect$$libinit$$00000019)
    .ARM.Collect$$libinit$$0000001B          0x080001b6   Section        0  libinit2.o(.ARM.Collect$$libinit$$0000001B)
    .ARM.Collect$$libinit$$0000001D          0x080001b6   Section        0  libinit2.o(.ARM.Collect$$libinit$$0000001D)
    .ARM.Collect$$libinit$$0000001F          0x080001b6   Section        0  libinit2.o(.ARM.Collect$$libinit$$0000001F)
    .ARM.Collect$$libinit$$00000021          0x080001b6   Section        0  libinit2.o(.ARM.Collect$$libinit$$00000021)
    .ARM.Collect$$libinit$$00000023          0x080001b6   Section        0  libinit2.o(.ARM.Collect$$libinit$$00000023)
    .ARM.Collect$$libinit$$00000025          0x080001b6   Section        0  libinit2.o(.ARM.Collect$$libinit$$00000025)
    .ARM.Collect$$libinit$$0000002C          0x080001b6   Section        0  libinit2.o(.ARM.Collect$$libinit$$0000002C)
    .ARM.Collect$$libinit$$0000002E          0x080001b6   Section        0  libinit2.o(.ARM.Collect$$libinit$$0000002E)
    .ARM.Collect$$libinit$$00000030          0x080001b6   Section        0  libinit2.o(.ARM.Collect$$libinit$$00000030)
    .ARM.Collect$$libinit$$00000031          0x080001b6   Section        4  libinit2.o(.ARM.Collect$$libinit$$00000031)
    .ARM.Collect$$libinit$$00000032          0x080001ba   Section        0  libinit2.o(.ARM.Collect$$libinit$$00000032)
    .ARM.Collect$$libinit$$00000033          0x080001ba   Section        2  libinit2.o(.ARM.Collect$$libinit$$00000033)
    .ARM.Collect$$libshutdown$$00000000      0x080001bc   Section        2  libshutdown.o(.ARM.Collect$$libshutdown$$00000000)
    .ARM.Collect$$libshutdown$$00000002      0x080001be   Section        0  libshutdown2.o(.ARM.Collect$$libshutdown$$00000002)
    .ARM.Collect$$libshutdown$$00000004      0x080001be   Section        0  libshutdown2.o(.ARM.Collect$$libshutdown$$00000004)
    .ARM.Collect$$libshutdown$$00000007      0x080001be   Section        0  libshutdown2.o(.ARM.Collect$$libshutdown$$00000007)
    .ARM.Collect$$libshutdown$$0000000A      0x080001be   Section        0  libshutdown2.o(.ARM.Collect$$libshutdown$$0000000A)
    .ARM.Collect$$libshutdown$$0000000C      0x080001be   Section        0  libshutdown2.o(.ARM.Collect$$libshutdown$$0000000C)
    .ARM.Collect$$libshutdown$$0000000F      0x080001be   Section        0  libshutdown2.o(.ARM.Collect$$libshutdown$$0000000F)
    .ARM.Collect$$libshutdown$$00000010      0x080001be   Section        2  libshutdown2.o(.ARM.Collect$$libshutdown$$00000010)
    .ARM.Collect$$rtentry$$00000000          0x080001c0   Section        0  __rtentry.o(.ARM.Collect$$rtentry$$00000000)
    .ARM.Collect$$rtentry$$00000002          0x080001c0   Section        0  __rtentry2.o(.ARM.Collect$$rtentry$$00000002)
    .ARM.Collect$$rtentry$$00000004          0x080001c0   Section        6  __rtentry4.o(.ARM.Collect$$rtentry$$00000004)
    .ARM.Collect$$rtentry$$00000009          0x080001c6   Section        0  __rtentry2.o(.ARM.Collect$$rtentry$$00000009)
    .ARM.Collect$$rtentry$$0000000A          0x080001c6   Section        4  __rtentry2.o(.ARM.Collect$$rtentry$$0000000A)
    .ARM.Collect$$rtentry$$0000000C          0x080001ca   Section        0  __rtentry2.o(.ARM.Collect$$rtentry$$0000000C)
    .ARM.Collect$$rtentry$$0000000D          0x080001ca   Section        8  __rtentry2.o(.ARM.Collect$$rtentry$$0000000D)
    .ARM.Collect$$rtexit$$00000000           0x080001d2   Section        2  rtexit.o(.ARM.Collect$$rtexit$$00000000)
    .ARM.Collect$$rtexit$$00000002           0x080001d4   Section        0  rtexit2.o(.ARM.Collect$$rtexit$$00000002)
    .ARM.Collect$$rtexit$$00000003           0x080001d4   Section        4  rtexit2.o(.ARM.Collect$$rtexit$$00000003)
    .ARM.Collect$$rtexit$$00000004           0x080001d8   Section        6  rtexit2.o(.ARM.Collect$$rtexit$$00000004)
    .emb_text                                0x080001e0   Section       52  rand.o(.emb_text)
    .emb_text                                0x08000214   Section        0  maybetermalloc1.o(.emb_text)
    .text                                    0x08000214   Section       64  startup_stm32f10x_md.o(.text)
    .text                                    0x08000254   Section        0  rand.o(.text)
    .text                                    0x08000290   Section       68  rt_memclr.o(.text)
    .text                                    0x080002d4   Section        0  heapauxi.o(.text)
    .text                                    0x080002dc   Section        0  init_aeabi.o(.text)
    .text                                    0x08000300   Section        8  rt_new_handler_addr_intlibspace.o(.text)
    .text                                    0x08000308   Section        0  h1_alloc.o(.text)
    .text                                    0x08000366   Section       78  rt_memclr_w.o(.text)
    .text                                    0x080003b4   Section        0  arm_newhandler_noexceptions.o(.text)
    .text                                    0x080003b8   Section        8  libspace.o(.text)
    .text                                    0x080003c0   Section        8  rt_heap_descriptor_intlibspace.o(.text)
    .text                                    0x080003c8   Section        0  hguard.o(.text)
    .text                                    0x080003cc   Section        0  init_alloc.o(.text)
    .text                                    0x08000456   Section        0  h1_init.o(.text)
    .text                                    0x08000464   Section        0  h1_free.o(.text)
    .text                                    0x080004b2   Section        0  arm_exceptions_terminate.o(.text)
    .text                                    0x080004cc   Section       74  sys_stackheap_outer.o(.text)
    .text                                    0x08000516   Section        0  h1_extend.o(.text)
    .text                                    0x0800054a   Section        0  exit.o(.text)
    .text                                    0x0800055c   Section        0  abort.o(.text)
    .text                                    0x08000572   Section        0  defsig_rtmem_outer.o(.text)
    .text                                    0x08000580   Section        0  arm_exceptions_globs.o(.text)
    [local to arm_exceptions_c]::__default_terminate_handler() 0x08000581   Thumb Code     6  arm_exceptions_globs.o(.text)
    .text                                    0x080005d0   Section        0  sys_exit.o(.text)
    .text                                    0x080005dc   Section        2  use_no_semi.o(.text)
    .text                                    0x080005de   Section        0  indicate_semi.o(.text)
    .text                                    0x080005e0   Section        8  rt_eh_globals_addr_intlibspace.o(.text)
    .text                                    0x080005e8   Section        0  defsig_exit.o(.text)
    .text                                    0x080005f2   Section        0  defsig_abrt_outer.o(.text)
    .text                                    0x08000600   Section        0  defsig_rtmem_inner.o(.text)
    .text                                    0x08000650   Section        0  arm_exceptions_mem.o(.text)
    .text                                    0x0800068c   Section        0  defsig_general.o(.text)
    .text                                    0x080006c0   Section        0  defsig_abrt_inner.o(.text)
    .text                                    0x080006f0   Section        0  sys_wrch.o(.text)
    i.BusFault_Handler                       0x080006fe   Section        0  stm32f10x_it.o(i.BusFault_Handler)
    i.DebugMon_Handler                       0x08000702   Section        0  stm32f10x_it.o(i.DebugMon_Handler)
    i.GPIO_Init                              0x08000704   Section        0  stm32f10x_gpio.o(i.GPIO_Init)
    i.HardFault_Handler                      0x0800081a   Section        0  stm32f10x_it.o(i.HardFault_Handler)
    i.MemManage_Handler                      0x0800081e   Section        0  stm32f10x_it.o(i.MemManage_Handler)
    i.NMI_Handler                            0x08000822   Section        0  stm32f10x_it.o(i.NMI_Handler)
    i.NVIC_Init                              0x08000824   Section        0  misc.o(i.NVIC_Init)
    i.NVIC_PriorityGroupConfig               0x08000894   Section        0  misc.o(i.NVIC_PriorityGroupConfig)
    i.PendSV_Handler                         0x080008a8   Section        0  stm32f10x_it.o(i.PendSV_Handler)
    i.RCC_APB1PeriphClockCmd                 0x080008ac   Section        0  stm32f10x_rcc.o(i.RCC_APB1PeriphClockCmd)
    i.RCC_APB1PeriphResetCmd                 0x080008cc   Section        0  stm32f10x_rcc.o(i.RCC_APB1PeriphResetCmd)
    i.RCC_APB2PeriphClockCmd                 0x080008ec   Section        0  stm32f10x_rcc.o(i.RCC_APB2PeriphClockCmd)
    i.RCC_APB2PeriphResetCmd                 0x0800090c   Section        0  stm32f10x_rcc.o(i.RCC_APB2PeriphResetCmd)
    i.SVC_Handler                            0x0800092c   Section        0  stm32f10x_it.o(i.SVC_Handler)
    i.SysTick_Handler                        0x0800092e   Section        0  stm32f10x_it.o(i.SysTick_Handler)
    i.SystemInit                             0x08000930   Section        0  system_stm32f10x.o(i.SystemInit)
    i.TIM4_IRQHandler                        0x08000990   Section        0  rgbled.o(i.TIM4_IRQHandler)
    i.TIM_ClearITPendingBit                  0x08000b94   Section        0  stm32f10x_tim.o(i.TIM_ClearITPendingBit)
    i.TIM_Cmd                                0x08000b9a   Section        0  stm32f10x_tim.o(i.TIM_Cmd)
    i.TIM_DeInit                             0x08000bb4   Section        0  stm32f10x_tim.o(i.TIM_DeInit)
    i.TIM_GetITStatus                        0x08000d9c   Section        0  stm32f10x_tim.o(i.TIM_GetITStatus)
    i.TIM_ITConfig                           0x08000dbe   Section        0  stm32f10x_tim.o(i.TIM_ITConfig)
    i.TIM_InternalClockConfig                0x08000dd0   Section        0  stm32f10x_tim.o(i.TIM_InternalClockConfig)
    i.TIM_OC1Init                            0x08000ddc   Section        0  stm32f10x_tim.o(i.TIM_OC1Init)
    i.TIM_OC2Init                            0x08000e74   Section        0  stm32f10x_tim.o(i.TIM_OC2Init)
    i.TIM_OC3Init                            0x08000f18   Section        0  stm32f10x_tim.o(i.TIM_OC3Init)
    i.TIM_OCStructInit                       0x08000fb8   Section        0  stm32f10x_tim.o(i.TIM_OCStructInit)
    i.TIM_SetCompare1                        0x08000fcc   Section        0  stm32f10x_tim.o(i.TIM_SetCompare1)
    i.TIM_SetCompare2                        0x08000fd0   Section        0  stm32f10x_tim.o(i.TIM_SetCompare2)
    i.TIM_SetCompare3                        0x08000fd4   Section        0  stm32f10x_tim.o(i.TIM_SetCompare3)
    i.TIM_TimeBaseInit                       0x08000fd8   Section        0  stm32f10x_tim.o(i.TIM_TimeBaseInit)
    i.TIM_TimeBaseStructInit                 0x0800107c   Section        0  stm32f10x_tim.o(i.TIM_TimeBaseStructInit)
    i.UsageFault_Handler                     0x0800108e   Section        0  stm32f10x_it.o(i.UsageFault_Handler)
    i._Z11RGBLED_Inith8RGBColor              0x08001094   Section        0  rgbled.o(i._Z11RGBLED_Inith8RGBColor)
    i._Z18RGBLED_GPIO_Configv                0x08001118   Section        0  rgbled.o(i._Z18RGBLED_GPIO_Configv)
    i._Z19RGBLED_Timer_Configv               0x0800114c   Section        0  rgbled.o(i._Z19RGBLED_Timer_Configv)
    i._Z21RGBColor_Blend_Updatev             0x0800130c   Section        0  rgbled.o(i._Z21RGBColor_Blend_Updatev)
    i._ZN40_INTERNAL_18_system_stm32f10x_c_5d646a6711SetSysClockEv 0x080013fc   Section        0  system_stm32f10x.o(i._ZN40_INTERNAL_18_system_stm32f10x_c_5d646a6711SetSysClockEv)
    [local to system_stm32f10x_c]::SetSysClock() 0x080013fd   Thumb Code     8  system_stm32f10x.o(i._ZN40_INTERNAL_18_system_stm32f10x_c_5d646a6711SetSysClockEv)
    i._ZN40_INTERNAL_18_system_stm32f10x_c_5d646a6715SetSysClockTo72Ev 0x08001404   Section        0  system_stm32f10x.o(i._ZN40_INTERNAL_18_system_stm32f10x_c_5d646a6715SetSysClockTo72Ev)
    [local to system_stm32f10x_c]::SetSysClockTo72() 0x08001405   Thumb Code   214  system_stm32f10x.o(i._ZN40_INTERNAL_18_system_stm32f10x_c_5d646a6715SetSysClockTo72Ev)
    i._ZN8RGBColorC1Ehhh                     0x080014e4   Section        0  rgbled.o(i._ZN8RGBColorC1Ehhh)
    i._Znwj                                  0x080014f8   Section        0  new.o(i._Znwj)
    i.__sti___10_RGBLED_cpp_01c70a4e         0x08001520   Section        0  rgbled.o(i.__sti___10_RGBLED_cpp_01c70a4e)
    __sti___10_RGBLED_cpp_01c70a4e           0x08001521   Thumb Code   124  rgbled.o(i.__sti___10_RGBLED_cpp_01c70a4e)
    i.main                                   0x080015a8   Section        0  main.o(i.main)
    x$fpl$d2f                                0x080015dc   Section       98  d2f.o(x$fpl$d2f)
    x$fpl$ddiv                               0x08001640   Section      688  ddiv.o(x$fpl$ddiv)
    ddiv_entry                               0x08001647   Thumb Code     0  ddiv.o(x$fpl$ddiv)
    x$fpl$dnaninf                            0x080018f0   Section      156  dnaninf.o(x$fpl$dnaninf)
    x$fpl$dretinf                            0x0800198c   Section       12  dretinf.o(x$fpl$dretinf)
    x$fpl$f2d                                0x08001998   Section       86  f2d.o(x$fpl$f2d)
    x$fpl$fdiv                               0x080019f0   Section      388  fdiv.o(x$fpl$fdiv)
    _fdiv1                                   0x080019f1   Thumb Code     0  fdiv.o(x$fpl$fdiv)
    x$fpl$ffix                               0x08001b74   Section       54  ffix.o(x$fpl$ffix)
    x$fpl$fflt                               0x08001bac   Section       48  fflt_clz.o(x$fpl$fflt)
    x$fpl$ffltu                              0x08001bdc   Section       38  fflt_clz.o(x$fpl$ffltu)
    x$fpl$fmul                               0x08001c04   Section      258  fmul.o(x$fpl$fmul)
    x$fpl$fnaninf                            0x08001d06   Section      140  fnaninf.o(x$fpl$fnaninf)
    x$fpl$fretinf                            0x08001d92   Section       10  fretinf.o(x$fpl$fretinf)
    x$fpl$usenofp                            0x08001d9c   Section        0  usenofp.o(x$fpl$usenofp)
    .init_array                              0x08001dbc   Section        4  rgbled.o(.init_array)
    .init_array                              0x08001dc0   Section        0  init_aeabi.o(.init_array)
    .data                                    0x20000000   Section      427  rgbled.o(.data)
    RED_INTERNSE_PRESCALER                   0x20000000   Data           4  rgbled.o(.data)
    GREEN_INTENSE_PERSCALER                  0x20000004   Data           4  rgbled.o(.data)
    BLUE_INTENSE_PRESCALER                   0x20000008   Data           4  rgbled.o(.data)
    LIGHT_INTENSE_INTERP                     0x20000010   Data         400  rgbled.o(.data)
    .bss                                     0x200001ac   Section      622  rgbled.o(.bss)
    .bss                                     0x2000041c   Section      228  rand.o(.bss)
    .bss                                     0x20000500   Section       96  libspace.o(.bss)
    HEAP                                     0x20000560   Section      512  startup_stm32f10x_md.o(HEAP)
    Heap_Mem                                 0x20000560   Data         512  startup_stm32f10x_md.o(HEAP)
    STACK                                    0x20000760   Section     1024  startup_stm32f10x_md.o(STACK)
    Stack_Mem                                0x20000760   Data        1024  startup_stm32f10x_md.o(STACK)
    __initial_sp                             0x20000b60   Data           0  startup_stm32f10x_md.o(STACK)

    Global Symbols

    Symbol Name                              Value     Ov Type        Size  Object(Section)

    BuildAttributes$$THM_ISAv4$P$D$K$B$S$PE$A:L22UL41UL21$X:L11$S22US41US21$IEEE1$IW$USESV6$~STKCKD$USESV7$~SHL$OTIME$ROPI$IEEEX$EBA8$UX$STANDARDLIB$REQ8$PRES8$EABIv2 0x00000000   Number         0  anon$$obj.o ABSOLUTE
    __ARM_use_no_argv                        0x00000000   Number         0  main.o ABSOLUTE
    SHT$$ARM_EXIDX$$Base                      - Undefined Reference
    SHT$$ARM_EXIDX$$Limit                     - Undefined Reference
    __ARM::default_unexpected_handler()       - Undefined Weak Reference
    __ARM_exceptions_buffer_required          - Undefined Weak Reference
    __ARM_exceptions_init                     - Undefined Weak Reference
    __aeabi_unwind_cpp_pr1                    - Undefined Weak Reference
    __aeabi_unwind_cpp_pr2                    - Undefined Weak Reference
    __alloca_initialize                       - Undefined Weak Reference
    __arm_preinit_                            - Undefined Weak Reference
    __cxa_begin_cleanup                       - Undefined Weak Reference
    __cxa_finalize                            - Undefined Weak Reference
    __cxa_type_match                          - Undefined Weak Reference
    __rt_locale                               - Undefined Weak Reference
    __sigvec_lookup                           - Undefined Weak Reference
    __user_heap_extent                        - Undefined Weak Reference
    _atexit_init                              - Undefined Weak Reference
    _call_atexit_fns                          - Undefined Weak Reference
    _clock_init                               - Undefined Weak Reference
    _fp_trap_init                             - Undefined Weak Reference
    _fp_trap_shutdown                         - Undefined Weak Reference
    _get_lc_collate                           - Undefined Weak Reference
    _get_lc_ctype                             - Undefined Weak Reference
    _get_lc_monetary                          - Undefined Weak Reference
    _get_lc_numeric                           - Undefined Weak Reference
    _get_lc_time                              - Undefined Weak Reference
    _getenv_init                              - Undefined Weak Reference
    _handle_redirection                       - Undefined Weak Reference
    _initio                                   - Undefined Weak Reference
    _mutex_acquire                            - Undefined Weak Reference
    _mutex_free                               - Undefined Weak Reference
    _mutex_release                            - Undefined Weak Reference
    _signal_finish                            - Undefined Weak Reference
    _signal_init                              - Undefined Weak Reference
    _terminateio                              - Undefined Weak Reference
    __Vectors_Size                           0x000000ec   Number         0  startup_stm32f10x_md.o ABSOLUTE
    __Vectors                                0x08000000   Data           4  startup_stm32f10x_md.o(RESET)
    __Vectors_End                            0x080000ec   Data           0  startup_stm32f10x_md.o(RESET)
    __main                                   0x080000ed   Thumb Code     8  __main.o(!!!main)
    __scatterload                            0x080000f5   Thumb Code     0  __scatter.o(!!!scatter)
    __scatterload_rt2                        0x080000f5   Thumb Code    44  __scatter.o(!!!scatter)
    __scatterload_rt2_thumb_only             0x080000f5   Thumb Code     0  __scatter.o(!!!scatter)
    __scatterload_null                       0x08000103   Thumb Code     0  __scatter.o(!!!scatter)
    __decompress                             0x08000129   Thumb Code   100  __dclz77c.o(!!dclz77c)
    __decompress2                            0x08000129   Thumb Code     0  __dclz77c.o(!!dclz77c)
    __scatterload_zeroinit                   0x0800018d   Thumb Code    28  __scatter_zi.o(!!handler_zi)
    __rt_lib_init                            0x080001a9   Thumb Code     0  libinit.o(.ARM.Collect$$libinit$$00000000)
    __rt_lib_init_fp_1                       0x080001ab   Thumb Code     0  libinit2.o(.ARM.Collect$$libinit$$00000002)
    __rt_lib_init_heap_2                     0x080001ab   Thumb Code     0  libinit2.o(.ARM.Collect$$libinit$$00000005)
    __rt_lib_init_preinit_1                  0x080001ab   Thumb Code     0  libinit2.o(.ARM.Collect$$libinit$$00000004)
    __rt_lib_init_heap_1                     0x080001b3   Thumb Code     0  libinit2.o(.ARM.Collect$$libinit$$0000000A)
    __rt_lib_init_rand_2                     0x080001b3   Thumb Code     0  libinit2.o(.ARM.Collect$$libinit$$0000000D)
    __rt_lib_init_user_alloc_1               0x080001b3   Thumb Code     0  libinit2.o(.ARM.Collect$$libinit$$0000000C)
    __rt_lib_init_alloca_1                   0x080001b7   Thumb Code     0  libinit2.o(.ARM.Collect$$libinit$$0000002E)
    __rt_lib_init_argv_1                     0x080001b7   Thumb Code     0  libinit2.o(.ARM.Collect$$libinit$$0000002C)
    __rt_lib_init_atexit_1                   0x080001b7   Thumb Code     0  libinit2.o(.ARM.Collect$$libinit$$0000001B)
    __rt_lib_init_clock_1                    0x080001b7   Thumb Code     0  libinit2.o(.ARM.Collect$$libinit$$00000021)
    __rt_lib_init_cpp_2                      0x080001b7   Thumb Code     0  libinit2.o(.ARM.Collect$$libinit$$00000031)
    __rt_lib_init_exceptions_1               0x080001b7   Thumb Code     0  libinit2.o(.ARM.Collect$$libinit$$00000030)
    __rt_lib_init_fp_trap_1                  0x080001b7   Thumb Code     0  libinit2.o(.ARM.Collect$$libinit$$0000001F)
    __rt_lib_init_getenv_1                   0x080001b7   Thumb Code     0  libinit2.o(.ARM.Collect$$libinit$$00000023)
    __rt_lib_init_lc_collate_1               0x080001b7   Thumb Code     0  libinit2.o(.ARM.Collect$$libinit$$00000011)
    __rt_lib_init_lc_ctype_1                 0x080001b7   Thumb Code     0  libinit2.o(.ARM.Collect$$libinit$$00000013)
    __rt_lib_init_lc_monetary_1              0x080001b7   Thumb Code     0  libinit2.o(.ARM.Collect$$libinit$$00000015)
    __rt_lib_init_lc_numeric_1               0x080001b7   Thumb Code     0  libinit2.o(.ARM.Collect$$libinit$$00000017)
    __rt_lib_init_lc_time_1                  0x080001b7   Thumb Code     0  libinit2.o(.ARM.Collect$$libinit$$00000019)
    __rt_lib_init_rand_1                     0x080001b7   Thumb Code     0  libinit2.o(.ARM.Collect$$libinit$$0000000E)
    __rt_lib_init_signal_1                   0x080001b7   Thumb Code     0  libinit2.o(.ARM.Collect$$libinit$$0000001D)
    __rt_lib_init_stdio_1                    0x080001b7   Thumb Code     0  libinit2.o(.ARM.Collect$$libinit$$00000025)
    __rt_lib_init_cpp_1                      0x080001bb   Thumb Code     0  libinit2.o(.ARM.Collect$$libinit$$00000032)
    __rt_lib_init_return                     0x080001bb   Thumb Code     0  libinit2.o(.ARM.Collect$$libinit$$00000033)
    __rt_lib_shutdown                        0x080001bd   Thumb Code     0  libshutdown.o(.ARM.Collect$$libshutdown$$00000000)
    __rt_lib_shutdown_cpp_1                  0x080001bf   Thumb Code     0  libshutdown2.o(.ARM.Collect$$libshutdown$$00000002)
    __rt_lib_shutdown_fp_trap_1              0x080001bf   Thumb Code     0  libshutdown2.o(.ARM.Collect$$libshutdown$$00000007)
    __rt_lib_shutdown_heap_1                 0x080001bf   Thumb Code     0  libshutdown2.o(.ARM.Collect$$libshutdown$$0000000F)
    __rt_lib_shutdown_return                 0x080001bf   Thumb Code     0  libshutdown2.o(.ARM.Collect$$libshutdown$$00000010)
    __rt_lib_shutdown_signal_1               0x080001bf   Thumb Code     0  libshutdown2.o(.ARM.Collect$$libshutdown$$0000000A)
    __rt_lib_shutdown_stdio_1                0x080001bf   Thumb Code     0  libshutdown2.o(.ARM.Collect$$libshutdown$$00000004)
    __rt_lib_shutdown_user_alloc_1           0x080001bf   Thumb Code     0  libshutdown2.o(.ARM.Collect$$libshutdown$$0000000C)
    __rt_entry                               0x080001c1   Thumb Code     0  __rtentry.o(.ARM.Collect$$rtentry$$00000000)
    __rt_entry_presh_1                       0x080001c1   Thumb Code     0  __rtentry2.o(.ARM.Collect$$rtentry$$00000002)
    __rt_entry_sh                            0x080001c1   Thumb Code     0  __rtentry4.o(.ARM.Collect$$rtentry$$00000004)
    __rt_entry_li                            0x080001c7   Thumb Code     0  __rtentry2.o(.ARM.Collect$$rtentry$$0000000A)
    __rt_entry_postsh_1                      0x080001c7   Thumb Code     0  __rtentry2.o(.ARM.Collect$$rtentry$$00000009)
    __rt_entry_main                          0x080001cb   Thumb Code     0  __rtentry2.o(.ARM.Collect$$rtentry$$0000000D)
    __rt_entry_postli_1                      0x080001cb   Thumb Code     0  __rtentry2.o(.ARM.Collect$$rtentry$$0000000C)
    __rt_exit                                0x080001d3   Thumb Code     0  rtexit.o(.ARM.Collect$$rtexit$$00000000)
    __rt_exit_ls                             0x080001d5   Thumb Code     0  rtexit2.o(.ARM.Collect$$rtexit$$00000003)
    __rt_exit_prels_1                        0x080001d5   Thumb Code     0  rtexit2.o(.ARM.Collect$$rtexit$$00000002)
    __rt_exit_exit                           0x080001d9   Thumb Code     0  rtexit2.o(.ARM.Collect$$rtexit$$00000004)
    rand                                     0x080001e1   Thumb Code    48  rand.o(.emb_text)
    Reset_Handler                            0x08000215   Thumb Code     8  startup_stm32f10x_md.o(.text)
    _maybe_terminate_alloc                   0x08000215   Thumb Code     0  maybetermalloc1.o(.emb_text)
    ADC1_2_IRQHandler                        0x0800022f   Thumb Code     0  startup_stm32f10x_md.o(.text)
    CAN1_RX1_IRQHandler                      0x0800022f   Thumb Code     0  startup_stm32f10x_md.o(.text)
    CAN1_SCE_IRQHandler                      0x0800022f   Thumb Code     0  startup_stm32f10x_md.o(.text)
    DMA1_Channel1_IRQHandler                 0x0800022f   Thumb Code     0  startup_stm32f10x_md.o(.text)
    DMA1_Channel2_IRQHandler                 0x0800022f   Thumb Code     0  startup_stm32f10x_md.o(.text)
    DMA1_Channel3_IRQHandler                 0x0800022f   Thumb Code     0  startup_stm32f10x_md.o(.text)
    DMA1_Channel4_IRQHandler                 0x0800022f   Thumb Code     0  startup_stm32f10x_md.o(.text)
    DMA1_Channel5_IRQHandler                 0x0800022f   Thumb Code     0  startup_stm32f10x_md.o(.text)
    DMA1_Channel6_IRQHandler                 0x0800022f   Thumb Code     0  startup_stm32f10x_md.o(.text)
    DMA1_Channel7_IRQHandler                 0x0800022f   Thumb Code     0  startup_stm32f10x_md.o(.text)
    EXTI0_IRQHandler                         0x0800022f   Thumb Code     0  startup_stm32f10x_md.o(.text)
    EXTI15_10_IRQHandler                     0x0800022f   Thumb Code     0  startup_stm32f10x_md.o(.text)
    EXTI1_IRQHandler                         0x0800022f   Thumb Code     0  startup_stm32f10x_md.o(.text)
    EXTI2_IRQHandler                         0x0800022f   Thumb Code     0  startup_stm32f10x_md.o(.text)
    EXTI3_IRQHandler                         0x0800022f   Thumb Code     0  startup_stm32f10x_md.o(.text)
    EXTI4_IRQHandler                         0x0800022f   Thumb Code     0  startup_stm32f10x_md.o(.text)
    EXTI9_5_IRQHandler                       0x0800022f   Thumb Code     0  startup_stm32f10x_md.o(.text)
    FLASH_IRQHandler                         0x0800022f   Thumb Code     0  startup_stm32f10x_md.o(.text)
    I2C1_ER_IRQHandler                       0x0800022f   Thumb Code     0  startup_stm32f10x_md.o(.text)
    I2C1_EV_IRQHandler                       0x0800022f   Thumb Code     0  startup_stm32f10x_md.o(.text)
    I2C2_ER_IRQHandler                       0x0800022f   Thumb Code     0  startup_stm32f10x_md.o(.text)
    I2C2_EV_IRQHandler                       0x0800022f   Thumb Code     0  startup_stm32f10x_md.o(.text)
    PVD_IRQHandler                           0x0800022f   Thumb Code     0  startup_stm32f10x_md.o(.text)
    RCC_IRQHandler                           0x0800022f   Thumb Code     0  startup_stm32f10x_md.o(.text)
    RTCAlarm_IRQHandler                      0x0800022f   Thumb Code     0  startup_stm32f10x_md.o(.text)
    RTC_IRQHandler                           0x0800022f   Thumb Code     0  startup_stm32f10x_md.o(.text)
    SPI1_IRQHandler                          0x0800022f   Thumb Code     0  startup_stm32f10x_md.o(.text)
    SPI2_IRQHandler                          0x0800022f   Thumb Code     0  startup_stm32f10x_md.o(.text)
    TAMPER_IRQHandler                        0x0800022f   Thumb Code     0  startup_stm32f10x_md.o(.text)
    TIM1_BRK_IRQHandler                      0x0800022f   Thumb Code     0  startup_stm32f10x_md.o(.text)
    TIM1_CC_IRQHandler                       0x0800022f   Thumb Code     0  startup_stm32f10x_md.o(.text)
    TIM1_TRG_COM_IRQHandler                  0x0800022f   Thumb Code     0  startup_stm32f10x_md.o(.text)
    TIM1_UP_IRQHandler                       0x0800022f   Thumb Code     0  startup_stm32f10x_md.o(.text)
    TIM2_IRQHandler                          0x0800022f   Thumb Code     0  startup_stm32f10x_md.o(.text)
    TIM3_IRQHandler                          0x0800022f   Thumb Code     0  startup_stm32f10x_md.o(.text)
    USART1_IRQHandler                        0x0800022f   Thumb Code     0  startup_stm32f10x_md.o(.text)
    USART2_IRQHandler                        0x0800022f   Thumb Code     0  startup_stm32f10x_md.o(.text)
    USART3_IRQHandler                        0x0800022f   Thumb Code     0  startup_stm32f10x_md.o(.text)
    USBWakeUp_IRQHandler                     0x0800022f   Thumb Code     0  startup_stm32f10x_md.o(.text)
    USB_HP_CAN1_TX_IRQHandler                0x0800022f   Thumb Code     0  startup_stm32f10x_md.o(.text)
    USB_LP_CAN1_RX0_IRQHandler               0x0800022f   Thumb Code     0  startup_stm32f10x_md.o(.text)
    WWDG_IRQHandler                          0x0800022f   Thumb Code     0  startup_stm32f10x_md.o(.text)
    __user_initial_stackheap                 0x08000231   Thumb Code     0  startup_stm32f10x_md.o(.text)
    srand                                    0x08000255   Thumb Code    42  rand.o(.text)
    _rand_init                               0x0800027f   Thumb Code     4  rand.o(.text)
    __aeabi_memclr                           0x08000291   Thumb Code     0  rt_memclr.o(.text)
    __rt_memclr                              0x08000291   Thumb Code    68  rt_memclr.o(.text)
    _memset                                  0x08000295   Thumb Code     0  rt_memclr.o(.text)
    __use_two_region_memory                  0x080002d5   Thumb Code     2  heapauxi.o(.text)
    __rt_heap_escrow                         0x080002d7   Thumb Code     2  heapauxi.o(.text)
    __rt_heap_expand                         0x080002d9   Thumb Code     2  heapauxi.o(.text)
    __cpp_initialize__aeabi_                 0x080002dd   Thumb Code    26  init_aeabi.o(.text)
    __rt_new_handler_addr                    0x08000301   Thumb Code     8  rt_new_handler_addr_intlibspace.o(.text)
    malloc                                   0x08000309   Thumb Code    94  h1_alloc.o(.text)
    __aeabi_memclr4                          0x08000367   Thumb Code     0  rt_memclr_w.o(.text)
    __aeabi_memclr8                          0x08000367   Thumb Code     0  rt_memclr_w.o(.text)
    __rt_memclr_w                            0x08000367   Thumb Code    78  rt_memclr_w.o(.text)
    _memset_w                                0x0800036b   Thumb Code     0  rt_memclr_w.o(.text)
    __default_new_handler()                  0x080003b5   Thumb Code     4  arm_newhandler_noexceptions.o(.text)
    __user_libspace                          0x080003b9   Thumb Code     8  libspace.o(.text)
    __user_perproc_libspace                  0x080003b9   Thumb Code     0  libspace.o(.text)
    __user_perthread_libspace                0x080003b9   Thumb Code     0  libspace.o(.text)
    __rt_heap_descriptor                     0x080003c1   Thumb Code     8  rt_heap_descriptor_intlibspace.o(.text)
    __use_no_heap                            0x080003c9   Thumb Code     2  hguard.o(.text)
    __heap$guard                             0x080003cb   Thumb Code     2  hguard.o(.text)
    _terminate_user_alloc                    0x080003cd   Thumb Code     2  init_alloc.o(.text)
    _init_user_alloc                         0x080003cf   Thumb Code     2  init_alloc.o(.text)
    __Heap_Full                              0x080003d1   Thumb Code    34  init_alloc.o(.text)
    __Heap_Broken                            0x080003f3   Thumb Code     6  init_alloc.o(.text)
    _init_alloc                              0x080003f9   Thumb Code    94  init_alloc.o(.text)
    __Heap_Initialize                        0x08000457   Thumb Code    10  h1_init.o(.text)
    __Heap_DescSize                          0x08000461   Thumb Code     4  h1_init.o(.text)
    free                                     0x08000465   Thumb Code    78  h1_free.o(.text)
    std::terminate()                         0x080004b3   Thumb Code    26  arm_exceptions_terminate.o(.text)
    __user_setup_stackheap                   0x080004cd   Thumb Code    74  sys_stackheap_outer.o(.text)
    __Heap_ProvideMemory                     0x08000517   Thumb Code    52  h1_extend.o(.text)
    exit                                     0x0800054b   Thumb Code    18  exit.o(.text)
    abort                                    0x0800055d   Thumb Code    22  abort.o(.text)
    __rt_SIGRTMEM                            0x08000573   Thumb Code    14  defsig_rtmem_outer.o(.text)
    __cxa_get_globals                        0x08000587   Thumb Code    62  arm_exceptions_globs.o(.text)
    _sys_exit                                0x080005d1   Thumb Code     8  sys_exit.o(.text)
    __I$use$semihosting                      0x080005dd   Thumb Code     0  use_no_semi.o(.text)
    __use_no_semihosting_swi                 0x080005dd   Thumb Code     2  use_no_semi.o(.text)
    __semihosting_library_function           0x080005df   Thumb Code     0  indicate_semi.o(.text)
    __rt_eh_globals_addr                     0x080005e1   Thumb Code     8  rt_eh_globals_addr_intlibspace.o(.text)
    __sig_exit                               0x080005e9   Thumb Code    10  defsig_exit.o(.text)
    __rt_SIGABRT                             0x080005f3   Thumb Code    14  defsig_abrt_outer.o(.text)
    __rt_SIGRTMEM_inner                      0x08000601   Thumb Code    22  defsig_rtmem_inner.o(.text)
    __ARM_exceptions_buffer_init             0x08000651   Thumb Code    18  arm_exceptions_mem.o(.text)
    __ARM_exceptions_buffer_allocate         0x08000663   Thumb Code    22  arm_exceptions_mem.o(.text)
    __ARM_exceptions_buffer_free             0x08000679   Thumb Code    20  arm_exceptions_mem.o(.text)
    __default_signal_display                 0x0800068d   Thumb Code    50  defsig_general.o(.text)
    __rt_SIGABRT_inner                       0x080006c1   Thumb Code    14  defsig_abrt_inner.o(.text)
    _ttywrch                                 0x080006f1   Thumb Code    14  sys_wrch.o(.text)
    BusFault_Handler                         0x080006ff   Thumb Code     4  stm32f10x_it.o(i.BusFault_Handler)
    DebugMon_Handler                         0x08000703   Thumb Code     2  stm32f10x_it.o(i.DebugMon_Handler)
    GPIO_Init                                0x08000705   Thumb Code   278  stm32f10x_gpio.o(i.GPIO_Init)
    HardFault_Handler                        0x0800081b   Thumb Code     4  stm32f10x_it.o(i.HardFault_Handler)
    MemManage_Handler                        0x0800081f   Thumb Code     4  stm32f10x_it.o(i.MemManage_Handler)
    NMI_Handler                              0x08000823   Thumb Code     2  stm32f10x_it.o(i.NMI_Handler)
    NVIC_Init                                0x08000825   Thumb Code   100  misc.o(i.NVIC_Init)
    NVIC_PriorityGroupConfig                 0x08000895   Thumb Code    10  misc.o(i.NVIC_PriorityGroupConfig)
    PendSV_Handler                           0x080008a9   Thumb Code     2  stm32f10x_it.o(i.PendSV_Handler)
    RCC_APB1PeriphClockCmd                   0x080008ad   Thumb Code    26  stm32f10x_rcc.o(i.RCC_APB1PeriphClockCmd)
    RCC_APB1PeriphResetCmd                   0x080008cd   Thumb Code    26  stm32f10x_rcc.o(i.RCC_APB1PeriphResetCmd)
    RCC_APB2PeriphClockCmd                   0x080008ed   Thumb Code    26  stm32f10x_rcc.o(i.RCC_APB2PeriphClockCmd)
    RCC_APB2PeriphResetCmd                   0x0800090d   Thumb Code    26  stm32f10x_rcc.o(i.RCC_APB2PeriphResetCmd)
    SVC_Handler                              0x0800092d   Thumb Code     2  stm32f10x_it.o(i.SVC_Handler)
    SysTick_Handler                          0x0800092f   Thumb Code     2  stm32f10x_it.o(i.SysTick_Handler)
    SystemInit                               0x08000931   Thumb Code    78  system_stm32f10x.o(i.SystemInit)
    TIM4_IRQHandler                          0x08000991   Thumb Code   442  rgbled.o(i.TIM4_IRQHandler)
    TIM_ClearITPendingBit                    0x08000b95   Thumb Code     6  stm32f10x_tim.o(i.TIM_ClearITPendingBit)
    TIM_Cmd                                  0x08000b9b   Thumb Code    24  stm32f10x_tim.o(i.TIM_Cmd)
    TIM_DeInit                               0x08000bb5   Thumb Code   424  stm32f10x_tim.o(i.TIM_DeInit)
    TIM_GetITStatus                          0x08000d9d   Thumb Code    34  stm32f10x_tim.o(i.TIM_GetITStatus)
    TIM_ITConfig                             0x08000dbf   Thumb Code    18  stm32f10x_tim.o(i.TIM_ITConfig)
    TIM_InternalClockConfig                  0x08000dd1   Thumb Code    12  stm32f10x_tim.o(i.TIM_InternalClockConfig)
    TIM_OC1Init                              0x08000ddd   Thumb Code   132  stm32f10x_tim.o(i.TIM_OC1Init)
    TIM_OC2Init                              0x08000e75   Thumb Code   154  stm32f10x_tim.o(i.TIM_OC2Init)
    TIM_OC3Init                              0x08000f19   Thumb Code   150  stm32f10x_tim.o(i.TIM_OC3Init)
    TIM_OCStructInit                         0x08000fb9   Thumb Code    20  stm32f10x_tim.o(i.TIM_OCStructInit)
    TIM_SetCompare1                          0x08000fcd   Thumb Code     4  stm32f10x_tim.o(i.TIM_SetCompare1)
    TIM_SetCompare2                          0x08000fd1   Thumb Code     4  stm32f10x_tim.o(i.TIM_SetCompare2)
    TIM_SetCompare3                          0x08000fd5   Thumb Code     4  stm32f10x_tim.o(i.TIM_SetCompare3)
    TIM_TimeBaseInit                         0x08000fd9   Thumb Code   122  stm32f10x_tim.o(i.TIM_TimeBaseInit)
    TIM_TimeBaseStructInit                   0x0800107d   Thumb Code    18  stm32f10x_tim.o(i.TIM_TimeBaseStructInit)
    UsageFault_Handler                       0x0800108f   Thumb Code     4  stm32f10x_it.o(i.UsageFault_Handler)
    RGBLED_Init(unsigned char, RGBColor)     0x08001095   Thumb Code   106  rgbled.o(i._Z11RGBLED_Inith8RGBColor)
    RGBLED_GPIO_Config()                     0x08001119   Thumb Code    48  rgbled.o(i._Z18RGBLED_GPIO_Configv)
    RGBLED_Timer_Config()                    0x0800114d   Thumb Code   418  rgbled.o(i._Z19RGBLED_Timer_Configv)
    RGBColor_Blend_Update()                  0x0800130d   Thumb Code   200  rgbled.o(i._Z21RGBColor_Blend_Updatev)
    RGBColor::RGBColor(unsigned char, unsigned char, unsigned char) 0x080014e5   Thumb Code    18  rgbled.o(i._ZN8RGBColorC1Ehhh)
    RGBColor::RGBColor__sub_object(unsigned char, unsigned char, unsigned char) 0x080014e5   Thumb Code     0  rgbled.o(i._ZN8RGBColorC1Ehhh)
    operator new(unsigned)                   0x080014f9   Thumb Code    34  new.o(i._Znwj)
    main                                     0x080015a9   Thumb Code    52  main.o(i.main)
    __aeabi_d2f                              0x080015dd   Thumb Code     0  d2f.o(x$fpl$d2f)
    _d2f                                     0x080015dd   Thumb Code    98  d2f.o(x$fpl$d2f)
    __aeabi_ddiv                             0x08001641   Thumb Code     0  ddiv.o(x$fpl$ddiv)
    _ddiv                                    0x08001641   Thumb Code   552  ddiv.o(x$fpl$ddiv)
    __fpl_dnaninf                            0x080018f1   Thumb Code   156  dnaninf.o(x$fpl$dnaninf)
    __fpl_dretinf                            0x0800198d   Thumb Code    12  dretinf.o(x$fpl$dretinf)
    __aeabi_f2d                              0x08001999   Thumb Code     0  f2d.o(x$fpl$f2d)
    _f2d                                     0x08001999   Thumb Code    86  f2d.o(x$fpl$f2d)
    __aeabi_fdiv                             0x080019f1   Thumb Code     0  fdiv.o(x$fpl$fdiv)
    _fdiv                                    0x080019f1   Thumb Code   384  fdiv.o(x$fpl$fdiv)
    __aeabi_f2iz                             0x08001b75   Thumb Code     0  ffix.o(x$fpl$ffix)
    _ffix                                    0x08001b75   Thumb Code    54  ffix.o(x$fpl$ffix)
    __aeabi_i2f                              0x08001bad   Thumb Code     0  fflt_clz.o(x$fpl$fflt)
    _fflt                                    0x08001bad   Thumb Code    48  fflt_clz.o(x$fpl$fflt)
    __aeabi_ui2f                             0x08001bdd   Thumb Code     0  fflt_clz.o(x$fpl$ffltu)
    _ffltu                                   0x08001bdd   Thumb Code    38  fflt_clz.o(x$fpl$ffltu)
    __aeabi_fmul                             0x08001c05   Thumb Code     0  fmul.o(x$fpl$fmul)
    _fmul                                    0x08001c05   Thumb Code   258  fmul.o(x$fpl$fmul)
    __fpl_fnaninf                            0x08001d07   Thumb Code   140  fnaninf.o(x$fpl$fnaninf)
    __fpl_fretinf                            0x08001d93   Thumb Code    10  fretinf.o(x$fpl$fretinf)
    Region$$Table$$Base                      0x08001d9c   Number         0  anon$$obj.o(Region$$Table)
    __I$use$fp                               0x08001d9c   Number         0  usenofp.o(x$fpl$usenofp)
    Region$$Table$$Limit                     0x08001dbc   Number         0  anon$$obj.o(Region$$Table)
    SHT$$INIT_ARRAY$$Base                    0x08001dbc   Number         0  rgbled.o(.init_array)
    SHT$$INIT_ARRAY$$Limit                   0x08001dc0   Number         0  init_aeabi.o(.init_array)
    RGBLED_MODE                              0x2000000c   Data           1  rgbled.o(.data)
    RGBColorList_Size                        0x2000000d   Data           1  rgbled.o(.data)
    curr_color                               0x200001a0   Data           3  rgbled.o(.data)
    next_color                               0x200001a3   Data           3  rgbled.o(.data)
    color_index1                             0x200001a6   Data           2  rgbled.o(.data)
    color_index2                             0x200001a8   Data           2  rgbled.o(.data)
    color_update_interval                    0x200001aa   Data           1  rgbled.o(.data)
    RGBColorList                             0x200001ac   Data          21  rgbled.o(.bss)
    LIGHT_INTENSE_R_BLEND                    0x200001c2   Data         200  rgbled.o(.bss)
    LIGHT_INTENSE_G_BLEND                    0x2000028a   Data         200  rgbled.o(.bss)
    LIGHT_INTENSE_B_BLEND                    0x20000352   Data         200  rgbled.o(.bss)
    _random_number_data                      0x2000041c   Data         228  rand.o(.bss)
    __libspace_start                         0x20000500   Data          96  libspace.o(.bss)
    __temporary_stack_top$libspace           0x20000560   Data           0  libspace.o(.bss)



==============================================================================

Memory Map of the image

  Image Entry point : 0x080000ed

  Load Region LR_IROM1 (Base: 0x08000000, Size: 0x00001f6c, Max: 0x00010000, ABSOLUTE, COMPRESSED[0x00001ef0])

    Execution Region ER_IROM1 (Exec base: 0x08000000, Load base: 0x08000000, Size: 0x00001dc0, Max: 0x00010000, ABSOLUTE)

    Exec Addr    Load Addr    Size         Type   Attr      Idx    E Section Name        Object

    0x08000000   0x08000000   0x000000ec   Data   RO          181    RESET               startup_stm32f10x_md.o
    0x080000ec   0x080000ec   0x00000008   Code   RO         3915  * !!!main             c_w.l(__main.o)
    0x080000f4   0x080000f4   0x00000034   Code   RO         4481    !!!scatter          c_w.l(__scatter.o)
    0x08000128   0x08000128   0x00000064   Code   RO         4479    !!dclz77c           c_w.l(__dclz77c.o)
    0x0800018c   0x0800018c   0x0000001c   Code   RO         4483    !!handler_zi        c_w.l(__scatter_zi.o)
    0x080001a8   0x080001a8   0x00000002   Code   RO         4356    .ARM.Collect$$libinit$$00000000  c_w.l(libinit.o)
    0x080001aa   0x080001aa   0x00000000   Code   RO         4036    .ARM.Collect$$libinit$$00000002  c_w.l(libinit2.o)
    0x080001aa   0x080001aa   0x00000000   Code   RO         4038    .ARM.Collect$$libinit$$00000004  c_w.l(libinit2.o)
    0x080001aa   0x080001aa   0x00000008   Code   RO         4039    .ARM.Collect$$libinit$$00000005  c_w.l(libinit2.o)
    0x080001b2   0x080001b2   0x00000000   Code   RO         4041    .ARM.Collect$$libinit$$0000000A  c_w.l(libinit2.o)
    0x080001b2   0x080001b2   0x00000000   Code   RO         4043    .ARM.Collect$$libinit$$0000000C  c_w.l(libinit2.o)
    0x080001b2   0x080001b2   0x00000004   Code   RO         4044    .ARM.Collect$$libinit$$0000000D  c_w.l(libinit2.o)
    0x080001b6   0x080001b6   0x00000000   Code   RO         4045    .ARM.Collect$$libinit$$0000000E  c_w.l(libinit2.o)
    0x080001b6   0x080001b6   0x00000000   Code   RO         4048    .ARM.Collect$$libinit$$00000011  c_w.l(libinit2.o)
    0x080001b6   0x080001b6   0x00000000   Code   RO         4050    .ARM.Collect$$libinit$$00000013  c_w.l(libinit2.o)
    0x080001b6   0x080001b6   0x00000000   Code   RO         4052    .ARM.Collect$$libinit$$00000015  c_w.l(libinit2.o)
    0x080001b6   0x080001b6   0x00000000   Code   RO         4054    .ARM.Collect$$libinit$$00000017  c_w.l(libinit2.o)
    0x080001b6   0x080001b6   0x00000000   Code   RO         4056    .ARM.Collect$$libinit$$00000019  c_w.l(libinit2.o)
    0x080001b6   0x080001b6   0x00000000   Code   RO         4058    .ARM.Collect$$libinit$$0000001B  c_w.l(libinit2.o)
    0x080001b6   0x080001b6   0x00000000   Code   RO         4060    .ARM.Collect$$libinit$$0000001D  c_w.l(libinit2.o)
    0x080001b6   0x080001b6   0x00000000   Code   RO         4062    .ARM.Collect$$libinit$$0000001F  c_w.l(libinit2.o)
    0x080001b6   0x080001b6   0x00000000   Code   RO         4064    .ARM.Collect$$libinit$$00000021  c_w.l(libinit2.o)
    0x080001b6   0x080001b6   0x00000000   Code   RO         4066    .ARM.Collect$$libinit$$00000023  c_w.l(libinit2.o)
    0x080001b6   0x080001b6   0x00000000   Code   RO         4068    .ARM.Collect$$libinit$$00000025  c_w.l(libinit2.o)
    0x080001b6   0x080001b6   0x00000000   Code   RO         4072    .ARM.Collect$$libinit$$0000002C  c_w.l(libinit2.o)
    0x080001b6   0x080001b6   0x00000000   Code   RO         4074    .ARM.Collect$$libinit$$0000002E  c_w.l(libinit2.o)
    0x080001b6   0x080001b6   0x00000000   Code   RO         4076    .ARM.Collect$$libinit$$00000030  c_w.l(libinit2.o)
    0x080001b6   0x080001b6   0x00000004   Code   RO         4077    .ARM.Collect$$libinit$$00000031  c_w.l(libinit2.o)
    0x080001ba   0x080001ba   0x00000000   Code   RO         4078    .ARM.Collect$$libinit$$00000032  c_w.l(libinit2.o)
    0x080001ba   0x080001ba   0x00000002   Code   RO         4079    .ARM.Collect$$libinit$$00000033  c_w.l(libinit2.o)
    0x080001bc   0x080001bc   0x00000002   Code   RO         4462    .ARM.Collect$$libshutdown$$00000000  c_w.l(libshutdown.o)
    0x080001be   0x080001be   0x00000000   Code   RO         4441    .ARM.Collect$$libshutdown$$00000002  c_w.l(libshutdown2.o)
    0x080001be   0x080001be   0x00000000   Code   RO         4443    .ARM.Collect$$libshutdown$$00000004  c_w.l(libshutdown2.o)
    0x080001be   0x080001be   0x00000000   Code   RO         4446    .ARM.Collect$$libshutdown$$00000007  c_w.l(libshutdown2.o)
    0x080001be   0x080001be   0x00000000   Code   RO         4449    .ARM.Collect$$libshutdown$$0000000A  c_w.l(libshutdown2.o)
    0x080001be   0x080001be   0x00000000   Code   RO         4451    .ARM.Collect$$libshutdown$$0000000C  c_w.l(libshutdown2.o)
    0x080001be   0x080001be   0x00000000   Code   RO         4454    .ARM.Collect$$libshutdown$$0000000F  c_w.l(libshutdown2.o)
    0x080001be   0x080001be   0x00000002   Code   RO         4455    .ARM.Collect$$libshutdown$$00000010  c_w.l(libshutdown2.o)
    0x080001c0   0x080001c0   0x00000000   Code   RO         3969    .ARM.Collect$$rtentry$$00000000  c_w.l(__rtentry.o)
    0x080001c0   0x080001c0   0x00000000   Code   RO         4136    .ARM.Collect$$rtentry$$00000002  c_w.l(__rtentry2.o)
    0x080001c0   0x080001c0   0x00000006   Code   RO         4148    .ARM.Collect$$rtentry$$00000004  c_w.l(__rtentry4.o)
    0x080001c6   0x080001c6   0x00000000   Code   RO         4138    .ARM.Collect$$rtentry$$00000009  c_w.l(__rtentry2.o)
    0x080001c6   0x080001c6   0x00000004   Code   RO         4139    .ARM.Collect$$rtentry$$0000000A  c_w.l(__rtentry2.o)
    0x080001ca   0x080001ca   0x00000000   Code   RO         4141    .ARM.Collect$$rtentry$$0000000C  c_w.l(__rtentry2.o)
    0x080001ca   0x080001ca   0x00000008   Code   RO         4142    .ARM.Collect$$rtentry$$0000000D  c_w.l(__rtentry2.o)
    0x080001d2   0x080001d2   0x00000002   Code   RO         4390    .ARM.Collect$$rtexit$$00000000  c_w.l(rtexit.o)
    0x080001d4   0x080001d4   0x00000000   Code   RO         4424    .ARM.Collect$$rtexit$$00000002  c_w.l(rtexit2.o)
    0x080001d4   0x080001d4   0x00000004   Code   RO         4425    .ARM.Collect$$rtexit$$00000003  c_w.l(rtexit2.o)
    0x080001d8   0x080001d8   0x00000006   Code   RO         4426    .ARM.Collect$$rtexit$$00000004  c_w.l(rtexit2.o)
    0x080001de   0x080001de   0x00000002   PAD
    0x080001e0   0x080001e0   0x00000034   Code   RO         3906    .emb_text           c_w.l(rand.o)
    0x08000214   0x08000214   0x00000000   Code   RO         4330    .emb_text           c_w.l(maybetermalloc1.o)
    0x08000214   0x08000214   0x00000040   Code   RO          182    .text               startup_stm32f10x_md.o
    0x08000254   0x08000254   0x0000003c   Code   RO         3907    .text               c_w.l(rand.o)
    0x08000290   0x08000290   0x00000044   Code   RO         3911    .text               c_w.l(rt_memclr.o)
    0x080002d4   0x080002d4   0x00000006   Code   RO         3913    .text               c_w.l(heapauxi.o)
    0x080002da   0x080002da   0x00000002   PAD
    0x080002dc   0x080002dc   0x00000024   Code   RO         3920    .text               c_w.l(init_aeabi.o)
    0x08000300   0x08000300   0x00000008   Code   RO         3973    .text               c_w.l(rt_new_handler_addr_intlibspace.o)
    0x08000308   0x08000308   0x0000005e   Code   RO         3977    .text               c_w.l(h1_alloc.o)
    0x08000366   0x08000366   0x0000004e   Code   RO         4033    .text               c_w.l(rt_memclr_w.o)
    0x080003b4   0x080003b4   0x00000004   Code   RO         4083    .text               cpprt_w.l(arm_newhandler_noexceptions.o)
    0x080003b8   0x080003b8   0x00000008   Code   RO         4130    .text               c_w.l(libspace.o)
    0x080003c0   0x080003c0   0x00000008   Code   RO         4153    .text               c_w.l(rt_heap_descriptor_intlibspace.o)
    0x080003c8   0x080003c8   0x00000004   Code   RO         4160    .text               c_w.l(hguard.o)
    0x080003cc   0x080003cc   0x0000008a   Code   RO         4162    .text               c_w.l(init_alloc.o)
    0x08000456   0x08000456   0x0000000e   Code   RO         4168    .text               c_w.l(h1_init.o)
    0x08000464   0x08000464   0x0000004e   Code   RO         4170    .text               c_w.l(h1_free.o)
    0x080004b2   0x080004b2   0x0000001a   Code   RO         4314    .text               cpprt_w.l(arm_exceptions_terminate.o)
    0x080004cc   0x080004cc   0x0000004a   Code   RO         4326    .text               c_w.l(sys_stackheap_outer.o)
    0x08000516   0x08000516   0x00000034   Code   RO         4332    .text               c_w.l(h1_extend.o)
    0x0800054a   0x0800054a   0x00000012   Code   RO         4336    .text               c_w.l(exit.o)
    0x0800055c   0x0800055c   0x00000016   Code   RO         4338    .text               c_w.l(abort.o)
    0x08000572   0x08000572   0x0000000e   Code   RO         4340    .text               c_w.l(defsig_rtmem_outer.o)
    0x08000580   0x08000580   0x00000050   Code   RO         4373    .text               cpprt_w.l(arm_exceptions_globs.o)
    0x080005d0   0x080005d0   0x0000000c   Code   RO         4385    .text               c_w.l(sys_exit.o)
    0x080005dc   0x080005dc   0x00000002   Code   RO         4387    .text               c_w.l(use_no_semi.o)
    0x080005de   0x080005de   0x00000000   Code   RO         4389    .text               c_w.l(indicate_semi.o)
    0x080005de   0x080005de   0x00000002   PAD
    0x080005e0   0x080005e0   0x00000008   Code   RO         4397    .text               c_w.l(rt_eh_globals_addr_intlibspace.o)
    0x080005e8   0x080005e8   0x0000000a   Code   RO         4403    .text               c_w.l(defsig_exit.o)
    0x080005f2   0x080005f2   0x0000000e   Code   RO         4405    .text               c_w.l(defsig_abrt_outer.o)
    0x08000600   0x08000600   0x00000050   Code   RO         4409    .text               c_w.l(defsig_rtmem_inner.o)
    0x08000650   0x08000650   0x0000003c   Code   RO         4414    .text               cpprt_w.l(arm_exceptions_mem.o)
    0x0800068c   0x0800068c   0x00000032   Code   RO         4436    .text               c_w.l(defsig_general.o)
    0x080006be   0x080006be   0x00000002   PAD
    0x080006c0   0x080006c0   0x00000030   Code   RO         4438    .text               c_w.l(defsig_abrt_inner.o)
    0x080006f0   0x080006f0   0x0000000e   Code   RO         4456    .text               c_w.l(sys_wrch.o)
    0x080006fe   0x080006fe   0x00000004   Code   RO          107    i.BusFault_Handler  stm32f10x_it.o
    0x08000702   0x08000702   0x00000002   Code   RO          108    i.DebugMon_Handler  stm32f10x_it.o
    0x08000704   0x08000704   0x00000116   Code   RO         1623    i.GPIO_Init         stm32f10x_gpio.o
    0x0800081a   0x0800081a   0x00000004   Code   RO          109    i.HardFault_Handler  stm32f10x_it.o
    0x0800081e   0x0800081e   0x00000004   Code   RO          110    i.MemManage_Handler  stm32f10x_it.o
    0x08000822   0x08000822   0x00000002   Code   RO          111    i.NMI_Handler       stm32f10x_it.o
    0x08000824   0x08000824   0x00000070   Code   RO          257    i.NVIC_Init         misc.o
    0x08000894   0x08000894   0x00000014   Code   RO          258    i.NVIC_PriorityGroupConfig  misc.o
    0x080008a8   0x080008a8   0x00000002   Code   RO          112    i.PendSV_Handler    stm32f10x_it.o
    0x080008aa   0x080008aa   0x00000002   PAD
    0x080008ac   0x080008ac   0x00000020   Code   RO         2117    i.RCC_APB1PeriphClockCmd  stm32f10x_rcc.o
    0x080008cc   0x080008cc   0x00000020   Code   RO         2118    i.RCC_APB1PeriphResetCmd  stm32f10x_rcc.o
    0x080008ec   0x080008ec   0x00000020   Code   RO         2119    i.RCC_APB2PeriphClockCmd  stm32f10x_rcc.o
    0x0800090c   0x0800090c   0x00000020   Code   RO         2120    i.RCC_APB2PeriphResetCmd  stm32f10x_rcc.o
    0x0800092c   0x0800092c   0x00000002   Code   RO          113    i.SVC_Handler       stm32f10x_it.o
    0x0800092e   0x0800092e   0x00000002   Code   RO          114    i.SysTick_Handler   stm32f10x_it.o
    0x08000930   0x08000930   0x00000060   Code   RO          201    i.SystemInit        system_stm32f10x.o
    0x08000990   0x08000990   0x00000204   Code   RO         3828    i.TIM4_IRQHandler   rgbled.o
    0x08000b94   0x08000b94   0x00000006   Code   RO         2853    i.TIM_ClearITPendingBit  stm32f10x_tim.o
    0x08000b9a   0x08000b9a   0x00000018   Code   RO         2858    i.TIM_Cmd           stm32f10x_tim.o
    0x08000bb2   0x08000bb2   0x00000002   PAD
    0x08000bb4   0x08000bb4   0x000001e8   Code   RO         2863    i.TIM_DeInit        stm32f10x_tim.o
    0x08000d9c   0x08000d9c   0x00000022   Code   RO         2879    i.TIM_GetITStatus   stm32f10x_tim.o
    0x08000dbe   0x08000dbe   0x00000012   Code   RO         2883    i.TIM_ITConfig      stm32f10x_tim.o
    0x08000dd0   0x08000dd0   0x0000000c   Code   RO         2885    i.TIM_InternalClockConfig  stm32f10x_tim.o
    0x08000ddc   0x08000ddc   0x00000098   Code   RO         2887    i.TIM_OC1Init       stm32f10x_tim.o
    0x08000e74   0x08000e74   0x000000a4   Code   RO         2892    i.TIM_OC2Init       stm32f10x_tim.o
    0x08000f18   0x08000f18   0x000000a0   Code   RO         2897    i.TIM_OC3Init       stm32f10x_tim.o
    0x08000fb8   0x08000fb8   0x00000014   Code   RO         2905    i.TIM_OCStructInit  stm32f10x_tim.o
    0x08000fcc   0x08000fcc   0x00000004   Code   RO         2919    i.TIM_SetCompare1   stm32f10x_tim.o
    0x08000fd0   0x08000fd0   0x00000004   Code   RO         2920    i.TIM_SetCompare2   stm32f10x_tim.o
    0x08000fd4   0x08000fd4   0x00000004   Code   RO         2921    i.TIM_SetCompare3   stm32f10x_tim.o
    0x08000fd8   0x08000fd8   0x000000a4   Code   RO         2929    i.TIM_TimeBaseInit  stm32f10x_tim.o
    0x0800107c   0x0800107c   0x00000012   Code   RO         2930    i.TIM_TimeBaseStructInit  stm32f10x_tim.o
    0x0800108e   0x0800108e   0x00000004   Code   RO          115    i.UsageFault_Handler  stm32f10x_it.o
    0x08001092   0x08001092   0x00000002   PAD
    0x08001094   0x08001094   0x00000084   Code   RO         3829    i._Z11RGBLED_Inith8RGBColor  rgbled.o
    0x08001118   0x08001118   0x00000034   Code   RO         3831    i._Z18RGBLED_GPIO_Configv  rgbled.o
    0x0800114c   0x0800114c   0x000001c0   Code   RO         3833    i._Z19RGBLED_Timer_Configv  rgbled.o
    0x0800130c   0x0800130c   0x000000f0   Code   RO         3834    i._Z21RGBColor_Blend_Updatev  rgbled.o
    0x080013fc   0x080013fc   0x00000008   Code   RO          202    i._ZN40_INTERNAL_18_system_stm32f10x_c_5d646a6711SetSysClockEv  system_stm32f10x.o
    0x08001404   0x08001404   0x000000e0   Code   RO          203    i._ZN40_INTERNAL_18_system_stm32f10x_c_5d646a6715SetSysClockTo72Ev  system_stm32f10x.o
    0x080014e4   0x080014e4   0x00000012   Code   RO         3888    i._ZN8RGBColorC1Ehhh  rgbled.o
    0x080014f6   0x080014f6   0x00000002   PAD
    0x080014f8   0x080014f8   0x00000028   Code   RO         3923    i._Znwj             cpprt_w.l(new.o)
    0x08001520   0x08001520   0x00000088   Code   RO         3835    i.__sti___10_RGBLED_cpp_01c70a4e  rgbled.o
    0x080015a8   0x080015a8   0x00000034   Code   RO            1    i.main              main.o
    0x080015dc   0x080015dc   0x00000062   Code   RO         3927    x$fpl$d2f           fz_ws.l(d2f.o)
    0x0800163e   0x0800163e   0x00000002   PAD
    0x08001640   0x08001640   0x000002b0   Code   RO         3930    x$fpl$ddiv          fz_ws.l(ddiv.o)
    0x080018f0   0x080018f0   0x0000009c   Code   RO         4099    x$fpl$dnaninf       fz_ws.l(dnaninf.o)
    0x0800198c   0x0800198c   0x0000000c   Code   RO         4101    x$fpl$dretinf       fz_ws.l(dretinf.o)
    0x08001998   0x08001998   0x00000056   Code   RO         3933    x$fpl$f2d           fz_ws.l(f2d.o)
    0x080019ee   0x080019ee   0x00000002   PAD
    0x080019f0   0x080019f0   0x00000184   Code   RO         3942    x$fpl$fdiv          fz_ws.l(fdiv.o)
    0x08001b74   0x08001b74   0x00000036   Code   RO         3945    x$fpl$ffix          fz_ws.l(ffix.o)
    0x08001baa   0x08001baa   0x00000002   PAD
    0x08001bac   0x08001bac   0x00000030   Code   RO         3950    x$fpl$fflt          fz_ws.l(fflt_clz.o)
    0x08001bdc   0x08001bdc   0x00000026   Code   RO         3949    x$fpl$ffltu         fz_ws.l(fflt_clz.o)
    0x08001c02   0x08001c02   0x00000002   PAD
    0x08001c04   0x08001c04   0x00000102   Code   RO         3957    x$fpl$fmul          fz_ws.l(fmul.o)
    0x08001d06   0x08001d06   0x0000008c   Code   RO         4105    x$fpl$fnaninf       fz_ws.l(fnaninf.o)
    0x08001d92   0x08001d92   0x0000000a   Code   RO         4107    x$fpl$fretinf       fz_ws.l(fretinf.o)
    0x08001d9c   0x08001d9c   0x00000000   Code   RO         4113    x$fpl$usenofp       fz_ws.l(usenofp.o)
    0x08001d9c   0x08001d9c   0x00000020   Data   RO         4477    Region$$Table       anon$$obj.o
    0x08001dbc   0x08001dbc   0x00000004   Data   RO         3846    .init_array         rgbled.o
    0x08001dc0   0x08001dbc   0x00000000   Data   RO         3918    .init_array         c_w.l(init_aeabi.o)


    Execution Region RW_IRAM1 (Exec base: 0x20000000, Load base: 0x08001dc0, Size: 0x00000b60, Max: 0x00005000, ABSOLUTE, COMPRESSED[0x00000130])

    Exec Addr    Load Addr    Size         Type   Attr      Idx    E Section Name        Object

    0x20000000   COMPRESSED   0x000001ab   Data   RW         3845    .data               rgbled.o
    0x200001ab   COMPRESSED   0x00000001   PAD
    0x200001ac        -       0x0000026e   Zero   RW         3844    .bss                rgbled.o
    0x2000041a   COMPRESSED   0x00000002   PAD
    0x2000041c        -       0x000000e4   Zero   RW         3908    .bss                c_w.l(rand.o)
    0x20000500        -       0x00000060   Zero   RW         4131    .bss                c_w.l(libspace.o)
    0x20000560        -       0x00000200   Zero   RW          180    HEAP                startup_stm32f10x_md.o
    0x20000760        -       0x00000400   Zero   RW          179    STACK               startup_stm32f10x_md.o


==============================================================================

Image component sizes


      Code (inc. data)   RO Data    RW Data    ZI Data      Debug   Object Name

        52          0          0          0          0     237767   main.o
       132         22          0          0          0       3019   misc.o
      1542        186          4        427        622       5820   rgbled.o
        64         26        236          0       1536        812   startup_stm32f10x_md.o
       278          0          0          0          0      10176   stm32f10x_gpio.o
        26          0          0          0          0       3578   stm32f10x_it.o
       128         24          0          0          0       2084   stm32f10x_rcc.o
      1272        146          0          0          0      29169   stm32f10x_tim.o
       328         28          0          0          0       1793   system_stm32f10x.o

    ----------------------------------------------------------------------
      3830        432        272        428       2160     294218   Object Totals
         0          0         32          0          0          0   (incl. Generated)
         8          0          0          1          2          0   (incl. Padding)

    ----------------------------------------------------------------------

      Code (inc. data)   RO Data    RW Data    ZI Data      Debug   Library Member Name

       100          0          0          0          0          0   __dclz77c.o
         8          0          0          0          0         68   __main.o
         0          0          0          0          0          0   __rtentry.o
        12          0          0          0          0          0   __rtentry2.o
         6          0          0          0          0          0   __rtentry4.o
        52          8          0          0          0          0   __scatter.o
        28          0          0          0          0          0   __scatter_zi.o
        22          0          0          0          0         80   abort.o
        48         34          0          0          0         76   defsig_abrt_inner.o
        14          0          0          0          0         80   defsig_abrt_outer.o
        10          0          0          0          0         68   defsig_exit.o
        50          0          0          0          0         88   defsig_general.o
        80         58          0          0          0         76   defsig_rtmem_inner.o
        14          0          0          0          0         80   defsig_rtmem_outer.o
        18          0          0          0          0         80   exit.o
        94          0          0          0          0         80   h1_alloc.o
        52          0          0          0          0         68   h1_extend.o
        78          0          0          0          0         80   h1_free.o
        14          0          0          0          0         84   h1_init.o
         6          0          0          0          0        152   heapauxi.o
         4          0          0          0          0        136   hguard.o
         0          0          0          0          0          0   indicate_semi.o
        36         10          0          0          0         80   init_aeabi.o
       138          0          0          0          0        168   init_alloc.o
         2          0          0          0          0          0   libinit.o
        18          0          0          0          0          0   libinit2.o
         2          0          0          0          0          0   libshutdown.o
         2          0          0          0          0          0   libshutdown2.o
         8          4          0          0         96         68   libspace.o
         0          0          0          0          0          0   maybetermalloc1.o
       112         18          0          0        228        160   rand.o
         8          4          0          0          0         68   rt_eh_globals_addr_intlibspace.o
         8          4          0          0          0         68   rt_heap_descriptor_intlibspace.o
        68          0          0          0          0         68   rt_memclr.o
        78          0          0          0          0         80   rt_memclr_w.o
         8          4          0          0          0         68   rt_new_handler_addr_intlibspace.o
         2          0          0          0          0          0   rtexit.o
        10          0          0          0          0          0   rtexit2.o
        12          4          0          0          0         68   sys_exit.o
        74          0          0          0          0         80   sys_stackheap_outer.o
        14          0          0          0          0         76   sys_wrch.o
         2          0          0          0          0         68   use_no_semi.o
        80         12          0          0          0        104   arm_exceptions_globs.o
        60          0          0          0          0        108   arm_exceptions_mem.o
        26          0          0          0          0         76   arm_exceptions_terminate.o
         4          0          0          0          0         68   arm_newhandler_noexceptions.o
        40          6          0          0          0         76   new.o
        98          4          0          0          0         92   d2f.o
       688        140          0          0          0        208   ddiv.o
       156          4          0          0          0         92   dnaninf.o
        12          0          0          0          0         68   dretinf.o
        86          4          0          0          0         84   f2d.o
       388         76          0          0          0         96   fdiv.o
        54          4          0          0          0         84   ffix.o
        86          0          0          0          0        136   fflt_clz.o
       258          4          0          0          0         84   fmul.o
       140          4          0          0          0         84   fnaninf.o
        10          0          0          0          0         68   fretinf.o
         0          0          0          0          0          0   usenofp.o

    ----------------------------------------------------------------------
      3514        406          0          0        324       3944   Library Totals
        16          0          0          0          0          0   (incl. Padding)

    ----------------------------------------------------------------------

      Code (inc. data)   RO Data    RW Data    ZI Data      Debug   Library Name

      1312        148          0          0        324       2416   c_w.l
       210         18          0          0          0        432   cpprt_w.l
      1976        240          0          0          0       1096   fz_ws.l

    ----------------------------------------------------------------------
      3514        406          0          0        324       3944   Library Totals

    ----------------------------------------------------------------------

==============================================================================


      Code (inc. data)   RO Data    RW Data    ZI Data      Debug   

      7344        838        272        428       2484     293946   Grand Totals
      7344        838        272        304       2484     293946   ELF Image Totals (compressed)
      7344        838        272        304          0          0   ROM Totals

==============================================================================

    Total RO  Size (Code + RO Data)                 7616 (   7.44kB)
    Total RW  Size (RW Data + ZI Data)              2912 (   2.84kB)
    Total ROM Size (Code + RO Data + RW Data)       7920 (   7.73kB)

==============================================================================

